0 1.0382099152e+00 1790524033.691
1 1.0190608501e+00 1790524033.704
2 1.0017154217e+00 1790524033.717
3 9.8325741291e-01 1790524033.731
4 9.5911866426e-01 1790524033.744
5 9.4511210918e-01 1790524033.757
6 9.2532694340e-01 1790524033.768
7 9.0298455954e-01 1790524033.782
8 8.8075590134e-01 1790524033.795
9 8.6506676674e-01 1790524033.808
10 8.4904980659e-01 1790524033.822
11 8.2962954044e-01 1790524033.835
12 8.0817806721e-01 1790524033.848
13 8.0021595955e-01 1790524033.860
14 7.7834832668e-01 1790524033.871
15 7.6313376427e-01 1790524033.882
16 7.4741721153e-01 1790524033.893
17 7.3022419214e-01 1790524033.904
18 7.1237194538e-01 1790524033.915
19 6.9961810112e-01 1790524033.926
20 6.8454355001e-01 1790524033.939
21 6.6807371378e-01 1790524033.950
22 6.5084081888e-01 1790524033.962
23 6.4088010788e-01 1790524033.973
24 6.2283527851e-01 1790524033.984
25 6.1106216908e-01 1790524033.995
26 5.9851902723e-01 1790524034.006
27 5.8599221706e-01 1790524034.017
28 5.6939107180e-01 1790524034.028
29 5.5545532703e-01 1790524034.039
30 5.4630947113e-01 1790524034.050
31 5.3478240967e-01 1790524034.061
32 5.1995569468e-01 1790524034.072
33 5.0710493326e-01 1790524034.083
34 4.9800145626e-01 1790524034.094
35 4.8303481936e-01 1790524034.105
36 4.7672706842e-01 1790524034.117
37 4.6474450827e-01 1790524034.128
38 4.5545083284e-01 1790524034.139
39 4.4715487957e-01 1790524034.150
40 4.3893349171e-01 1790524034.161
41 4.2632043362e-01 1790524034.172
42 4.1550648212e-01 1790524034.183
43 4.0667498112e-01 1790524034.194
44 3.9955213666e-01 1790524034.206
45 3.9330059290e-01 1790524034.217
46 3.8283360004e-01 1790524034.229
47 3.7438660860e-01 1790524034.240
48 3.6510848999e-01 1790524034.251
49 3.6095666885e-01 1790524034.264
50 3.5303145647e-01 1790524034.275
51 3.4679359198e-01 1790524034.286
52 3.4146505594e-01 1790524034.299
53 3.3357858658e-01 1790524034.310
54 3.2806831598e-01 1790524034.321
55 3.2005620003e-01 1790524034.333
56 3.1314828992e-01 1790524034.344
57 3.0541411042e-01 1790524034.357
58 3.0267482996e-01 1790524034.368
59 2.9504200816e-01 1790524034.379
60 2.9146784544e-01 1790524034.392
61 2.8633558750e-01 1790524034.403
62 2.8318840265e-01 1790524034.414
63 2.7903819084e-01 1790524034.427
64 2.7070325613e-01 1790524034.438
65 2.6733368635e-01 1790524034.449
66 2.6348140836e-01 1790524034.462
67 2.6076719165e-01 1790524034.473
68 2.5523415208e-01 1790524034.484
69 2.5117731094e-01 1790524034.497
70 2.4692907929e-01 1790524034.508
71 2.4237990379e-01 1790524034.521
72 2.3730599880e-01 1790524034.532
73 2.3772822320e-01 1790524034.543
74 2.3301988840e-01 1790524034.554
75 2.2784727812e-01 1790524034.565
76 2.2664386034e-01 1790524034.576
77 2.2319610417e-01 1790524034.587
78 2.1975715458e-01 1790524034.598
79 2.1548706293e-01 1790524034.609
80 2.1573662758e-01 1790524034.620
81 2.1107134223e-01 1790524034.635
82 2.0941993594e-01 1790524034.651
83 2.0565447211e-01 1790524034.664
84 2.0202139020e-01 1790524034.680
85 2.0227338374e-01 1790524034.692
86 1.9822415709e-01 1790524034.704
87 1.9641444087e-01 1790524034.715
88 1.9433733821e-01 1790524034.726
89 1.9219973683e-01 1790524034.739
90 1.9207805395e-01 1790524034.751
91 1.8862411380e-01 1790524034.762
92 1.8797028065e-01 1790524034.773
93 1.8485635519e-01 1790524034.784
94 1.8311256170e-01 1790524034.796
95 1.8160700798e-01 1790524034.807
96 1.7991966009e-01 1790524034.819
97 1.7850103974e-01 1790524034.831
98 1.7854385078e-01 1790524034.842
99 1.7588986456e-01 1790524034.853
100 1.7391845584e-01 1790524034.865
101 1.7150913179e-01 1790524034.876
102 1.7205753922e-01 1790524034.887
103 1.7165747285e-01 1790524034.899
104 1.6919606924e-01 1790524034.910
105 1.6908529401e-01 1790524034.921
106 1.6936510801e-01 1790524034.933
107 1.6659998894e-01 1790524034.944
108 1.6672292352e-01 1790524034.955
109 1.6500461102e-01 1790524034.966
110 1.6469258070e-01 1790524034.978
111 1.6377942264e-01 1790524034.989
112 1.6217240691e-01 1790524035.000
113 1.6282320023e-01 1790524035.011
114 1.6321955621e-01 1790524035.023
115 1.5916559100e-01 1790524035.034
116 1.6122964025e-01 1790524035.046
117 1.6240093112e-01 1790524035.057
118 1.6074413061e-01 1790524035.069
119 1.5808171034e-01 1790524035.080
120 1.5765117109e-01 1790524035.092
121 1.5763916075e-01 1790524035.103
122 1.5915793180e-01 1790524035.114
123 1.5677344799e-01 1790524035.126
124 1.5575975180e-01 1790524035.138
125 1.5712693334e-01 1790524035.149
126 1.5593661368e-01 1790524035.160
127 1.5589395165e-01 1790524035.172
128 1.5483590961e-01 1790524035.185
129 1.5438401699e-01 1790524035.198
130 1.5513436496e-01 1790524035.209
131 1.5448203683e-01 1790524035.222
132 1.5334357321e-01 1790524035.233
133 1.5262782574e-01 1790524035.246
134 1.5284824371e-01 1790524035.257
135 1.5258818865e-01 1790524035.268
136 1.5085048974e-01 1790524035.281
137 1.5299765766e-01 1790524035.292
138 1.5301676095e-01 1790524035.303
139 1.5026128292e-01 1790524035.314
140 1.5103706717e-01 1790524035.326
141 1.5046888590e-01 1790524035.337
142 1.5128871799e-01 1790524035.349
143 1.5181992948e-01 1790524035.360
144 1.4986404777e-01 1790524035.371
145 1.5127956867e-01 1790524035.383
146 1.5011635423e-01 1790524035.394
147 1.4843399823e-01 1790524035.405
148 1.4819774032e-01 1790524035.416
149 1.4976313710e-01 1790524035.427
150 1.4835658669e-01 1790524035.438
151 1.4779970050e-01 1790524035.450
152 1.4781451225e-01 1790524035.461
153 1.4859354496e-01 1790524035.472
154 1.4678198099e-01 1790524035.483
155 1.4670729637e-01 1790524035.494
156 1.4772434533e-01 1790524035.505
157 1.4605402946e-01 1790524035.517
158 1.4569492638e-01 1790524035.528
159 1.4612506330e-01 1790524035.539
160 1.4593620598e-01 1790524035.551
161 1.4521269500e-01 1790524035.564
162 1.4527530968e-01 1790524035.575
163 1.4459544420e-01 1790524035.588
164 1.4544318616e-01 1790524035.600
165 1.4572435617e-01 1790524035.612
166 1.4278814197e-01 1790524035.625
167 1.4506027102e-01 1790524035.637
168 1.4404892921e-01 1790524035.648
169 1.4316962659e-01 1790524035.659
170 1.4199796319e-01 1790524035.671
171 1.4190411568e-01 1790524035.682
172 1.4239852130e-01 1790524035.693
173 1.4373609424e-01 1790524035.705
174 1.4360392094e-01 1790524035.717
175 1.4168199897e-01 1790524035.728
176 1.4108785987e-01 1790524035.739
177 1.4226873219e-01 1790524035.753
178 1.4060741663e-01 1790524035.765
179 1.3942092657e-01 1790524035.776
180 1.3983608782e-01 1790524035.787
181 1.4053380489e-01 1790524035.799
182 1.4165581763e-01 1790524035.810
183 1.3916076720e-01 1790524035.821
184 1.4004814625e-01 1790524035.832
185 1.3894857466e-01 1790524035.843
186 1.3870096207e-01 1790524035.855
187 1.3859897852e-01 1790524035.866
188 1.3749448955e-01 1790524035.879
189 1.3827514648e-01 1790524035.893
190 1.3839037716e-01 1790524035.906
191 1.3804236054e-01 1790524035.919
192 1.3613131642e-01 1790524035.933
193 1.3841775060e-01 1790524035.946
194 1.3739392161e-01 1790524035.960
195 1.3660191000e-01 1790524035.973
196 1.3535715640e-01 1790524035.986
197 1.3560816646e-01 1790524036.000
198 1.3655534387e-01 1790524036.013
199 1.3524812460e-01 1790524036.026
200 1.3473872840e-01 1790524036.040
201 1.3474956155e-01 1790524036.053
202 1.3360702991e-01 1790524036.066
203 1.3342992961e-01 1790524036.080
204 1.3539920747e-01 1790524036.091
205 1.3238462806e-01 1790524036.102
206 1.3398425281e-01 1790524036.113
207 1.3419736922e-01 1790524036.124
208 1.3324059546e-01 1790524036.135
209 1.3468769193e-01 1790524036.146
210 1.3295492530e-01 1790524036.157
211 1.3260385394e-01 1790524036.168
212 1.3218194246e-01 1790524036.179
213 1.3252936304e-01 1790524036.190
214 1.3136187196e-01 1790524036.201
215 1.3038480282e-01 1790524036.212
216 1.3198837638e-01 1790524036.223
217 1.3067321479e-01 1790524036.235
218 1.3095529377e-01 1790524036.246
219 1.2914896011e-01 1790524036.257
220 1.3072717190e-01 1790524036.268
221 1.3048510253e-01 1790524036.279
222 1.2842246890e-01 1790524036.290
223 1.3060493767e-01 1790524036.301
224 1.2900111079e-01 1790524036.312
225 1.2865206599e-01 1790524036.323
226 1.2865287066e-01 1790524036.334
227 1.2836377323e-01 1790524036.345
228 1.2771663070e-01 1790524036.356
229 1.2793843448e-01 1790524036.367
230 1.2764197588e-01 1790524036.378
231 1.2660713494e-01 1790524036.389
232 1.2726269662e-01 1790524036.400
233 1.2822093070e-01 1790524036.412
234 1.2664991617e-01 1790524036.423
235 1.2598012388e-01 1790524036.434
236 1.2576550245e-01 1790524036.445
237 1.2598973513e-01 1790524036.456
238 1.2472374737e-01 1790524036.467
239 1.2586039305e-01 1790524036.478
240 1.2529635429e-01 1790524036.489
241 1.2508693337e-01 1790524036.500
242 1.2570121884e-01 1790524036.511
243 1.2440538406e-01 1790524036.522
244 1.2374619395e-01 1790524036.533
245 1.2406125665e-01 1790524036.544
246 1.2354493141e-01 1790524036.555
247 1.2339968979e-01 1790524036.566
248 1.2317102402e-01 1790524036.580
249 1.2266069651e-01 1790524036.591
250 1.2128834426e-01 1790524036.602
251 1.2235826254e-01 1790524036.613
252 1.2237867713e-01 1790524036.624
253 1.2072623521e-01 1790524036.635
254 1.2238479406e-01 1790524036.648
255 1.1985878646e-01 1790524036.659
256 1.2042316794e-01 1790524036.673
257 1.2274949253e-01 1790524036.684
258 1.2077431381e-01 1790524036.695
259 1.1916393787e-01 1790524036.706
260 1.1920478940e-01 1790524036.717
261 1.1819314957e-01 1790524036.728
262 1.1969759315e-01 1790524036.742
263 1.1879050732e-01 1790524036.753
264 1.2113781273e-01 1790524036.766
265 1.1889638007e-01 1790524036.777
266 1.1737539619e-01 1790524036.788
267 1.1898271739e-01 1790524036.799
268 1.1787836999e-01 1790524036.810
269 1.1729636788e-01 1790524036.821
270 1.1818250269e-01 1790524036.832
271 1.1681225896e-01 1790524036.843
272 1.1727891862e-01 1790524036.855
273 1.1683347076e-01 1790524036.866
274 1.1562945694e-01 1790524036.877
275 1.1557140946e-01 1790524036.888
276 1.1579082161e-01 1790524036.899
277 1.1773324013e-01 1790524036.910
278 1.1556731164e-01 1790524036.921
279 1.1450933665e-01 1790524036.932
280 1.1338266730e-01 1790524036.943
281 1.1473968625e-01 1790524036.954
282 1.1444872618e-01 1790524036.966
283 1.1472768337e-01 1790524036.977
284 1.1300187558e-01 1790524036.988
285 1.1345851421e-01 1790524037.001
286 1.1320333183e-01 1790524037.012
287 1.1244363338e-01 1790524037.023
288 1.1157972366e-01 1790524037.034
289 1.1161434650e-01 1790524037.045
290 1.1228851229e-01 1790524037.056
291 1.1296510696e-01 1790524037.069
292 1.1192739010e-01 1790524037.080
293 1.1261068285e-01 1790524037.093
294 1.1086269468e-01 1790524037.104
295 1.1121483147e-01 1790524037.115
296 1.1137773842e-01 1790524037.126
297 1.1014618725e-01 1790524037.139
298 1.1053495109e-01 1790524037.150
299 1.1091612279e-01 1790524037.163
300 1.1011902988e-01 1790524037.174
301 1.0994444788e-01 1790524037.185
302 1.0883648694e-01 1790524037.198
303 1.0806889087e-01 1790524037.209
304 1.0986021161e-01 1790524037.223
305 1.0833840072e-01 1790524037.236
306 1.0714423656e-01 1790524037.247
307 1.0789327323e-01 1790524037.258
308 1.0883896053e-01 1790524037.270
309 1.0851072520e-01 1790524037.283
310 1.0709985346e-01 1790524037.296
311 1.0774279386e-01 1790524037.307
312 1.0649378598e-01 1790524037.318
313 1.0751079023e-01 1790524037.331
314 1.0719358921e-01 1790524037.344
315 1.0755969584e-01 1790524037.357
316 1.0588862747e-01 1790524037.368
317 1.0496944189e-01 1790524037.380
318 1.0588692874e-01 1790524037.391
319 1.0514191538e-01 1790524037.402
320 1.0406704247e-01 1790524037.416
321 1.0523004830e-01 1790524037.431
322 1.0577319562e-01 1790524037.445
323 1.0450001061e-01 1790524037.460
324 1.0471326858e-01 1790524037.472
325 1.0348187387e-01 1790524037.484
326 1.0413996875e-01 1790524037.495
327 1.0229662806e-01 1790524037.508
328 1.0334180295e-01 1790524037.519
329 1.0321003944e-01 1790524037.530
330 1.0277426243e-01 1790524037.542
331 1.0304179788e-01 1790524037.553
332 1.0183587670e-01 1790524037.564
333 1.0192069411e-01 1790524037.576
334 1.0146357864e-01 1790524037.587
335 1.0130000114e-01 1790524037.598
336 1.0144595802e-01 1790524037.610
337 1.0068961978e-01 1790524037.624
338 1.0086458921e-01 1790524037.638
339 9.9608361721e-02 1790524037.652
340 1.0128878057e-01 1790524037.665
341 9.9674299359e-02 1790524037.676
342 1.0035338998e-01 1790524037.688
343 9.9025987089e-02 1790524037.699
344 9.7658216953e-02 1790524037.710
345 9.9445104599e-02 1790524037.722
346 9.9047094584e-02 1790524037.733
347 9.8979160190e-02 1790524037.746
348 9.8807506263e-02 1790524037.757
349 9.7104564309e-02 1790524037.768
350 9.8824210465e-02 1790524037.779
351 9.8212152719e-02 1790524037.790
352 9.8025649786e-02 1790524037.801
353 9.7200222313e-02 1790524037.813
354 9.6928037703e-02 1790524037.824
355 9.5787920058e-02 1790524037.835
356 9.5828406513e-02 1790524037.847
357 9.5585450530e-02 1790524037.858
358 9.6543177962e-02 1790524037.869
359 9.4419851899e-02 1790524037.881
360 9.5340594649e-02 1790524037.892
361 9.5329672098e-02 1790524037.905
362 9.5296978951e-02 1790524037.916
363 9.3795567751e-02 1790524037.927
364 9.4436213374e-02 1790524037.939
365 9.4126611948e-02 1790524037.950
366 9.4944395125e-02 1790524037.961
367 9.4633951783e-02 1790524037.973
368 9.4901382923e-02 1790524037.984
369 9.2888593674e-02 1790524037.995
370 9.4887897372e-02 1790524038.007
371 9.3138031662e-02 1790524038.018
372 9.2725627124e-02 1790524038.029
373 9.2293605208e-02 1790524038.040
374 9.2986136675e-02 1790524038.051
375 9.1965183616e-02 1790524038.063
376 9.2588916421e-02 1790524038.074
377 9.2905677855e-02 1790524038.086
378 9.1254115105e-02 1790524038.098
379 9.1875165701e-02 1790524038.109
380 9.1348975897e-02 1790524038.120
381 9.1728337109e-02 1790524038.132
382 9.0786948800e-02 1790524038.143
383 9.1057874262e-02 1790524038.154
384 9.1756075621e-02 1790524038.166
385 8.9809462428e-02 1790524038.177
386 8.9629985392e-02 1790524038.188
387 9.0561658144e-02 1790524038.200
388 8.9255467057e-02 1790524038.211
389 9.0284951031e-02 1790524038.223
390 8.9534044266e-02 1790524038.234
391 8.9051164687e-02 1790524038.245
392 9.0174555779e-02 1790524038.257
393 8.7690405548e-02 1790524038.268
394 8.9061975479e-02 1790524038.279
395 8.7921328843e-02 1790524038.290
396 8.7389722466e-02 1790524038.301
397 8.7807953358e-02 1790524038.312
398 8.8203370571e-02 1790524038.324
399 8.6408801377e-02 1790524038.335
400 8.6410902441e-02 1790524038.346
401 8.6380377412e-02 1790524038.358
402 8.5646033287e-02 1790524038.369
403 8.6855314672e-02 1790524038.381
404 8.6138330400e-02 1790524038.392
405 8.5470005870e-02 1790524038.403
406 8.6316652596e-02 1790524038.415
407 8.5426628590e-02 1790524038.426
408 8.5904724896e-02 1790524038.437
409 8.6021788418e-02 1790524038.448
410 8.4875531495e-02 1790524038.459
411 8.4720745683e-02 1790524038.471
412 8.4475941956e-02 1790524038.484
413 8.5177838802e-02 1790524038.495
414 8.4086865187e-02 1790524038.507
415 8.3816587925e-02 1790524038.518
416 8.3424188197e-02 1790524038.529
417 8.4109239280e-02 1790524038.540
418 8.4713757038e-02 1790524038.551
419 8.3262547851e-02 1790524038.563
420 8.3337679505e-02 1790524038.574
421 8.2819499075e-02 1790524038.585
422 8.1903532147e-02 1790524038.596
423 8.2997590303e-02 1790524038.607
424 8.2681261003e-02 1790524038.618
425 8.2434922457e-02 1790524038.629
426 8.0974817276e-02 1790524038.640
427 8.1662148237e-02 1790524038.651
428 8.1551954150e-02 1790524038.662
429 8.2635939121e-02 1790524038.673
430 8.2792639732e-02 1790524038.685
431 8.0679394305e-02 1790524038.696
432 8.1172674894e-02 1790524038.707
433 8.1018321216e-02 1790524038.718
434 8.0775074661e-02 1790524038.729
435 7.9560212791e-02 1790524038.740
436 8.0706134439e-02 1790524038.751
437 8.0139473081e-02 1790524038.762
438 8.0806761980e-02 1790524038.773
439 7.9607546329e-02 1790524038.784
440 7.9736083746e-02 1790524038.795
441 7.9339176416e-02 1790524038.806
442 7.9883858562e-02 1790524038.817
443 7.8678414226e-02 1790524038.828
444 7.9794593155e-02 1790524038.839
445 7.8980132937e-02 1790524038.851
446 7.8732453287e-02 1790524038.862
447 7.8223243356e-02 1790524038.873
448 7.7715918422e-02 1790524038.884
449 7.8112334013e-02 1790524038.895
450 7.8518807888e-02 1790524038.906
451 7.8884243965e-02 1790524038.917
452 7.8151226044e-02 1790524038.928
453 7.7768921852e-02 1790524038.939
454 7.7618338168e-02 1790524038.950
455 7.7368564904e-02 1790524038.961
456 7.7066339552e-02 1790524038.972
457 7.6421022415e-02 1790524038.983
458 7.7969416976e-02 1790524038.994
459 7.6242104173e-02 1790524039.005
460 7.6537519693e-02 1790524039.017
461 7.7587015927e-02 1790524039.028
462 7.6346799731e-02 1790524039.039
463 7.6188683510e-02 1790524039.050
464 7.5845658779e-02 1790524039.061
465 7.5652956963e-02 1790524039.072
466 7.4905999005e-02 1790524039.083
467 7.4981182814e-02 1790524039.094
468 7.4543043971e-02 1790524039.105
469 7.4134275317e-02 1790524039.116
470 7.3943398893e-02 1790524039.127
471 7.4557334185e-02 1790524039.138
472 7.4167005718e-02 1790524039.149
473 7.4952945113e-02 1790524039.160
474 7.4293121696e-02 1790524039.171
475 7.3231115937e-02 1790524039.182
476 7.3763340712e-02 1790524039.194
477 7.4405312538e-02 1790524039.205
478 7.3131047189e-02 1790524039.216
479 7.2521209717e-02 1790524039.227
480 7.2855249047e-02 1790524039.238
481 7.2743184865e-02 1790524039.249
482 7.2501927614e-02 1790524039.260
483 7.3374330997e-02 1790524039.271
484 7.2228640318e-02 1790524039.282
485 7.3017127812e-02 1790524039.293
486 7.1947641671e-02 1790524039.304
487 7.1219578385e-02 1790524039.315
488 7.1798041463e-02 1790524039.326
489 7.2885937989e-02 1790524039.337
490 7.0630878210e-02 1790524039.348
491 7.0462256670e-02 1790524039.360
492 7.0695489645e-02 1790524039.371
493 7.1197293699e-02 1790524039.382
494 7.0898689330e-02 1790524039.393
495 7.1113020182e-02 1790524039.404
496 7.0226840675e-02 1790524039.415
497 6.9518059492e-02 1790524039.426
498 7.0138543844e-02 1790524039.439
499 6.9316402078e-02 1790524039.453
500 6.9930344820e-02 1790524039.464
501 6.9303981960e-02 1790524039.477
502 6.9427862763e-02 1790524039.491
503 6.9741569459e-02 1790524039.504
504 6.8662144244e-02 1790524039.517
505 6.8990312517e-02 1790524039.528
506 6.8670876324e-02 1790524039.542
507 6.8598859012e-02 1790524039.555
508 6.7738965154e-02 1790524039.568
509 6.8080723286e-02 1790524039.582
510 6.8379327655e-02 1790524039.595
511 6.8076327443e-02 1790524039.609
512 6.8316742778e-02 1790524039.622
513 6.8132638931e-02 1790524039.635
514 6.7238062620e-02 1790524039.646
515 6.7820578814e-02 1790524039.657
516 6.7493885756e-02 1790524039.675
517 6.7430645227e-02 1790524039.693
518 6.6369876266e-02 1790524039.706
519 6.7132353783e-02 1790524039.720
520 6.7696057260e-02 1790524039.733
521 6.6678285599e-02 1790524039.744
522 6.6905260086e-02 1790524039.758
523 6.7085169256e-02 1790524039.769
524 6.7342624068e-02 1790524039.781
525 6.5805025399e-02 1790524039.794
526 6.6406741738e-02 1790524039.807
527 6.6440194845e-02 1790524039.820
528 6.4919508994e-02 1790524039.833
529 6.7332923412e-02 1790524039.846
530 6.4891025424e-02 1790524039.857
531 6.4742773771e-02 1790524039.870
532 6.5696790814e-02 1790524039.881
533 6.5717473626e-02 1790524039.892
534 6.4693264663e-02 1790524039.905
535 6.5275281668e-02 1790524039.918
536 6.5199866891e-02 1790524039.929
537 6.4553990960e-02 1790524039.942
538 6.4508616924e-02 1790524039.955
539 6.4376354218e-02 1790524039.968
540 6.3587129116e-02 1790524039.979
541 6.4454570413e-02 1790524039.990
542 6.4684122801e-02 1790524040.003
543 6.3299186528e-02 1790524040.014
544 6.3393115997e-02 1790524040.027
545 6.3247956336e-02 1790524040.040
546 6.4058437943e-02 1790524040.051
547 6.3609153032e-02 1790524040.062
548 6.2779337168e-02 1790524040.073
549 6.3353434205e-02 1790524040.084
550 6.2867984176e-02 1790524040.095
551 6.2583670020e-02 1790524040.106
552 6.2375247478e-02 1790524040.121
553 6.3029013574e-02 1790524040.136
554 6.2713816762e-02 1790524040.151
555 6.2788754702e-02 1790524040.165
556 6.1490431428e-02 1790524040.176
557 6.1925273389e-02 1790524040.188
558 6.1786949635e-02 1790524040.199
559 6.1408348382e-02 1790524040.212
560 6.1889804900e-02 1790524040.223
561 6.1616048217e-02 1790524040.235
562 6.1059840024e-02 1790524040.246
563 6.1527270824e-02 1790524040.257
564 6.0173146427e-02 1790524040.268
565 6.0755774379e-02 1790524040.280
566 6.0575775802e-02 1790524040.291
567 6.0371316969e-02 1790524040.302
568 6.1096653342e-02 1790524040.314
569 6.0027368367e-02 1790524040.325
570 6.0971707106e-02 1790524040.337
571 6.1391472816e-02 1790524040.348
572 6.0213692486e-02 1790524040.359
573 5.9904586524e-02 1790524040.370
574 5.9418193996e-02 1790524040.382
575 5.9638336301e-02 1790524040.393
576 6.0097433627e-02 1790524040.405
577 5.9570107609e-02 1790524040.416
578 5.9411264956e-02 1790524040.427
579 5.9268891811e-02 1790524040.439
580 5.9953078628e-02 1790524040.450
581 5.9321332723e-02 1790524040.461
582 5.9527032077e-02 1790524040.472
583 5.9496015310e-02 1790524040.483
584 5.8768134564e-02 1790524040.494
585 5.8584615588e-02 1790524040.506
586 5.7987190783e-02 1790524040.517
587 5.8481834829e-02 1790524040.528
588 5.8021277189e-02 1790524040.540
589 5.8348335326e-02 1790524040.551
590 5.8631189167e-02 1790524040.563
591 5.8707419783e-02 1790524040.574
592 5.7846903801e-02 1790524040.586
593 5.7731814682e-02 1790524040.598
594 5.7696387172e-02 1790524040.611
595 5.6897677481e-02 1790524040.622
596 5.7347543538e-02 1790524040.634
597 5.7781271636e-02 1790524040.645
598 5.6638561189e-02 1790524040.656
599 5.6949175894e-02 1790524040.668
600 5.6383401155e-02 1790524040.679
601 5.7016730309e-02 1790524040.691
602 5.6528646499e-02 1790524040.703
603 5.6463800371e-02 1790524040.714
604 5.7095963508e-02 1790524040.725
605 5.6457906961e-02 1790524040.736
606 5.6471053511e-02 1790524040.747
607 5.6135460734e-02 1790524040.759
608 5.6672088802e-02 1790524040.771
609 5.6208252907e-02 1790524040.782
610 5.6049719453e-02 1790524040.794
611 5.6328110397e-02 1790524040.805
612 5.6109897792e-02 1790524040.816
613 5.5355280638e-02 1790524040.828
614 5.5538609624e-02 1790524040.839
615 5.5816020817e-02 1790524040.851
616 5.5300399661e-02 1790524040.863
617 5.4702684283e-02 1790524040.874
618 5.5491708219e-02 1790524040.886
619 5.4824043065e-02 1790524040.897
620 5.5099971592e-02 1790524040.908
621 5.4789695889e-02 1790524040.920
622 5.4747469723e-02 1790524040.931
623 5.5129200220e-02 1790524040.943
624 5.4877154529e-02 1790524040.956
625 5.5112224072e-02 1790524040.967
626 5.3862378001e-02 1790524040.977
627 5.4604642093e-02 1790524040.989
628 5.3950898349e-02 1790524040.999
629 5.4084304720e-02 1790524041.012
630 5.3063102067e-02 1790524041.023
631 5.4374974221e-02 1790524041.034
632 5.4063148797e-02 1790524041.046
633 5.3630813956e-02 1790524041.057
634 5.3917974234e-02 1790524041.068
635 5.4039616138e-02 1790524041.080
636 5.3020291030e-02 1790524041.091
637 5.3616363555e-02 1790524041.103
638 5.2963949740e-02 1790524041.114
639 5.2902448922e-02 1790524041.125
640 5.2289523184e-02 1790524041.136
641 5.2669808269e-02 1790524041.148
642 5.2127771080e-02 1790524041.159
643 5.3013458848e-02 1790524041.171
644 5.2690237761e-02 1790524041.182
645 5.2917223424e-02 1790524041.193
646 5.2351400256e-02 1790524041.205
647 5.2068047225e-02 1790524041.216
648 5.1887013018e-02 1790524041.227
649 5.2047133446e-02 1790524041.238
650 5.2016027272e-02 1790524041.249
651 5.1949955523e-02 1790524041.261
652 5.2086323500e-02 1790524041.272
653 5.2413880825e-02 1790524041.283
654 5.2034758031e-02 1790524041.294
655 5.1782108843e-02 1790524041.305
656 5.2125208080e-02 1790524041.316
657 5.2067320794e-02 1790524041.327
658 5.1690015942e-02 1790524041.338
659 5.2286457270e-02 1790524041.349
660 5.1593560725e-02 1790524041.361
661 5.1555588841e-02 1790524041.372
662 5.0569757819e-02 1790524041.383
663 5.1674321294e-02 1790524041.394
664 5.1733639091e-02 1790524041.405
665 5.1368024200e-02 1790524041.416
666 5.1254898310e-02 1790524041.427
667 5.1024369895e-02 1790524041.438
668 5.0550751388e-02 1790524041.449
669 5.1444754004e-02 1790524041.460
670 5.0369217992e-02 1790524041.471
671 5.0274066627e-02 1790524041.482
672 5.0553344190e-02 1790524041.493
673 5.0943352282e-02 1790524041.504
674 4.9724590033e-02 1790524041.515
675 5.0139397383e-02 1790524041.527
676 5.0219438970e-02 1790524041.538
677 4.9603559077e-02 1790524041.549
678 4.9957200885e-02 1790524041.560
679 5.0586026162e-02 1790524041.571
680 4.9941416830e-02 1790524041.582
681 4.9570769072e-02 1790524041.593
682 4.9770921469e-02 1790524041.604
683 4.9624390900e-02 1790524041.615
684 4.8698887229e-02 1790524041.626
685 4.9489598721e-02 1790524041.637
686 4.8450820148e-02 1790524041.651
687 4.9925044179e-02 1790524041.662
688 4.9221653491e-02 1790524041.673
689 4.9464549869e-02 1790524041.684
690 4.9154102802e-02 1790524041.697
691 4.8393547535e-02 1790524041.710
692 4.8760943115e-02 1790524041.722
693 4.8548452556e-02 1790524041.733
694 4.8947021365e-02 1790524041.744
695 4.8789128661e-02 1790524041.755
696 4.9120463431e-02 1790524041.766
697 4.9223866314e-02 1790524041.777
698 4.8056367785e-02 1790524041.788
699 4.8158463091e-02 1790524041.799
700 4.8214465380e-02 1790524041.810
701 4.8111066222e-02 1790524041.821
702 4.8443801701e-02 1790524041.832
703 4.7913305461e-02 1790524041.843
704 4.7859437764e-02 1790524041.854
705 4.7868840396e-02 1790524041.865
706 4.8325814307e-02 1790524041.876
707 4.7320518643e-02 1790524041.887
708 4.7859147191e-02 1790524041.899
709 4.7851599753e-02 1790524041.910
710 4.7777600586e-02 1790524041.921
711 4.6567168087e-02 1790524041.932
712 4.7559347004e-02 1790524041.943
713 4.7224350274e-02 1790524041.954
714 4.7421611845e-02 1790524041.965
715 4.7532469034e-02 1790524041.976
716 4.7520034015e-02 1790524041.987
717 4.7030694783e-02 1790524041.998
718 4.6592403203e-02 1790524042.009
719 4.7171756625e-02 1790524042.020
720 4.6402662992e-02 1790524042.031
721 4.6869687736e-02 1790524042.042
722 4.7132108361e-02 1790524042.053
723 4.6845465899e-02 1790524042.065
724 4.6548567712e-02 1790524042.076
725 4.6576067805e-02 1790524042.087
726 4.5767568052e-02 1790524042.098
727 4.6712782234e-02 1790524042.109
728 4.6284385026e-02 1790524042.120
729 4.6063002199e-02 1790524042.131
730 4.5951813459e-02 1790524042.142
731 4.5062556863e-02 1790524042.153
732 4.5760054141e-02 1790524042.164
733 4.6037681401e-02 1790524042.175
734 4.6464975923e-02 1790524042.186
735 4.5559421182e-02 1790524042.197
736 4.5997701585e-02 1790524042.208
737 4.5936383307e-02 1790524042.219
738 4.6130981296e-02 1790524042.231
739 4.5722715557e-02 1790524042.242
740 4.5307427645e-02 1790524042.253
741 4.5833818614e-02 1790524042.264
742 4.6252533793e-02 1790524042.275
743 4.5897718519e-02 1790524042.286
744 4.5800000429e-02 1790524042.297
745 4.4872555882e-02 1790524042.308
746 4.5036621392e-02 1790524042.319
747 4.5758724213e-02 1790524042.330
748 4.5052833855e-02 1790524042.341
749 4.4822618365e-02 1790524042.352
750 4.4930528849e-02 1790524042.363
751 4.4931925833e-02 1790524042.375
752 4.4902086258e-02 1790524042.386
753 4.4446967542e-02 1790524042.397
754 4.5609585941e-02 1790524042.408
755 4.4102698565e-02 1790524042.419
756 4.5324519277e-02 1790524042.430
757 4.4422112405e-02 1790524042.443
758 4.4839255512e-02 1790524042.454
759 4.5038387179e-02 1790524042.465
760 4.4770635664e-02 1790524042.477
761 4.5009221882e-02 1790524042.488
762 4.4606521726e-02 1790524042.501
763 4.5041885227e-02 1790524042.512
764 4.3931894004e-02 1790524042.523
765 4.4033542275e-02 1790524042.536
766 4.4437687844e-02 1790524042.547
767 4.4405508786e-02 1790524042.558
768 4.4270139188e-02 1790524042.571
769 4.4592961669e-02 1790524042.582
770 4.4057104737e-02 1790524042.593
771 4.4320639223e-02 1790524042.605
772 4.3976195157e-02 1790524042.616
773 4.3998975307e-02 1790524042.627
774 4.4526472688e-02 1790524042.640
775 4.4401604682e-02 1790524042.651
776 4.4241212308e-02 1790524042.664
777 4.3582815677e-02 1790524042.675
778 4.3629616499e-02 1790524042.686
779 4.3060943484e-02 1790524042.699
780 4.3028168380e-02 1790524042.713
781 4.3406277895e-02 1790524042.726
782 4.3149564415e-02 1790524042.739
783 4.3373860419e-02 1790524042.750
784 4.3105732650e-02 1790524042.761
785 4.3536394835e-02 1790524042.772
786 4.2901001871e-02 1790524042.783
787 4.3717458844e-02 1790524042.794
788 4.3695978820e-02 1790524042.808
789 4.3476223946e-02 1790524042.820
790 4.3082416058e-02 1790524042.836
791 4.2498767376e-02 1790524042.849
792 4.3199233711e-02 1790524042.862
793 4.3081831187e-02 1790524042.873
794 4.2447786778e-02 1790524042.885
795 4.3049424887e-02 1790524042.896
796 4.2907577008e-02 1790524042.909
797 4.2347189039e-02 1790524042.922
798 4.2642444372e-02 1790524042.933
799 4.2442653328e-02 1790524042.945
800 4.2161792517e-02 1790524042.956
801 4.1948080063e-02 1790524042.968
802 4.2282253504e-02 1790524042.979
803 4.1921559721e-02 1790524042.990
804 4.2501643300e-02 1790524043.002
805 4.1685327888e-02 1790524043.013
806 4.1394241154e-02 1790524043.024
807 4.2086742818e-02 1790524043.036
808 4.1179701686e-02 1790524043.047
809 4.1693024337e-02 1790524043.058
810 4.1914906353e-02 1790524043.071
811 4.1608206928e-02 1790524043.082
812 4.1632160544e-02 1790524043.093
813 4.1834168136e-02 1790524043.105
814 4.1833333671e-02 1790524043.116
815 4.1283205152e-02 1790524043.127
816 4.1347563267e-02 1790524043.139
817 4.1342847049e-02 1790524043.150
818 4.1361242533e-02 1790524043.161
819 4.1014242917e-02 1790524043.172
820 4.1148573160e-02 1790524043.183
821 4.1213307530e-02 1790524043.194
822 4.1497044265e-02 1790524043.205
823 4.1287459433e-02 1790524043.217
824 4.1324563324e-02 1790524043.228
825 4.1141264141e-02 1790524043.239
826 4.1361771524e-02 1790524043.250
827 4.1629999876e-02 1790524043.262
828 4.1636839509e-02 1790524043.273
829 4.1276603937e-02 1790524043.285
830 4.1471373290e-02 1790524043.296
831 4.1318237782e-02 1790524043.307
832 4.1198410094e-02 1790524043.319
833 4.1142158210e-02 1790524043.330
834 4.0812704712e-02 1790524043.341
835 4.0647063404e-02 1790524043.353
836 4.1258145124e-02 1790524043.364
837 4.1014041752e-02 1790524043.375
838 4.0984246880e-02 1790524043.387
839 4.0925562382e-02 1790524043.398
840 4.0252331644e-02 1790524043.409
841 4.0859431028e-02 1790524043.420
842 4.0171787143e-02 1790524043.431
843 4.1015721858e-02 1790524043.443
844 4.0450721979e-02 1790524043.454
845 4.0572013706e-02 1790524043.465
846 3.9795141667e-02 1790524043.476
847 4.0346898139e-02 1790524043.488
848 4.0424343199e-02 1790524043.499
849 4.0083471686e-02 1790524043.510
850 3.9513614029e-02 1790524043.522
851 3.9771214128e-02 1790524043.532
852 4.0136694908e-02 1790524043.544
853 3.9690159261e-02 1790524043.555
854 3.9797224104e-02 1790524043.566
855 3.9854817092e-02 1790524043.578
856 3.9236053824e-02 1790524043.589
857 3.9389654994e-02 1790524043.600
858 3.9407610893e-02 1790524043.612
859 4.0108330548e-02 1790524043.623
860 3.9891168475e-02 1790524043.634
861 3.9449054748e-02 1790524043.646
862 4.0165267885e-02 1790524043.657
863 3.9780959487e-02 1790524043.668
864 3.9357855916e-02 1790524043.679
865 3.9936665446e-02 1790524043.691
866 3.9180200547e-02 1790524043.702
867 3.9138544351e-02 1790524043.713
868 3.9173990488e-02 1790524043.724
869 3.9152093232e-02 1790524043.736
870 3.8832448423e-02 1790524043.747
871 3.8955312222e-02 1790524043.758
872 3.9045616984e-02 1790524043.769
873 3.8060277700e-02 1790524043.781
874 3.8821391761e-02 1790524043.792
875 3.8921315223e-02 1790524043.803
876 3.8773790002e-02 1790524043.814
877 3.8492299616e-02 1790524043.826
878 3.8877204061e-02 1790524043.838
879 3.8599587977e-02 1790524043.849
880 3.8634635508e-02 1790524043.861
881 3.8273971528e-02 1790524043.872
882 3.8615878671e-02 1790524043.883
883 3.8476429880e-02 1790524043.895
884 3.8869157434e-02 1790524043.906
885 3.8527853787e-02 1790524043.917
886 3.8720868528e-02 1790524043.928
887 3.8242597133e-02 1790524043.941
888 3.8714416325e-02 1790524043.953
889 3.8057148457e-02 1790524043.966
890 3.8145855069e-02 1790524043.980
891 3.8070634007e-02 1790524043.993
892 3.8415558636e-02 1790524044.004
893 3.8161903620e-02 1790524044.015
894 3.8215354085e-02 1790524044.026
895 3.7918254733e-02 1790524044.037
896 3.7914924324e-02 1790524044.048
897 3.8332734257e-02 1790524044.059
898 3.7627115846e-02 1790524044.070
899 3.7611752748e-02 1790524044.082
900 3.7873290479e-02 1790524044.093
901 3.8217343390e-02 1790524044.104
902 3.7910029292e-02 1790524044.115
903 3.8329172879e-02 1790524044.126
904 3.7545934319e-02 1790524044.139
905 3.8060311228e-02 1790524044.150
906 3.7187669426e-02 1790524044.164
907 3.7891816348e-02 1790524044.175
908 3.7554897368e-02 1790524044.186
909 3.7304919213e-02 1790524044.197
910 3.7478245795e-02 1790524044.208
911 3.7317253649e-02 1790524044.219
912 3.7611830980e-02 1790524044.230
913 3.7561669946e-02 1790524044.241
914 3.7049882114e-02 1790524044.252
915 3.7293799222e-02 1790524044.263
916 3.7278294563e-02 1790524044.274
917 3.7418536842e-02 1790524044.285
918 3.7230275571e-02 1790524044.296
919 3.7501674145e-02 1790524044.307
920 3.6856807768e-02 1790524044.318
921 3.7469662726e-02 1790524044.330
922 3.7089556456e-02 1790524044.341
923 3.7103772163e-02 1790524044.352
924 3.6984793842e-02 1790524044.363
925 3.6876469851e-02 1790524044.374
926 3.7513114512e-02 1790524044.385
927 3.6846481264e-02 1790524044.396
928 3.7048544735e-02 1790524044.407
929 3.6855164915e-02 1790524044.418
930 3.6611773074e-02 1790524044.429
931 3.6787047982e-02 1790524044.440
932 3.6621309817e-02 1790524044.451
933 3.7215843797e-02 1790524044.462
934 3.6573436111e-02 1790524044.473
935 3.7229418755e-02 1790524044.484
936 3.6501638591e-02 1790524044.495
937 3.7382096052e-02 1790524044.506
938 3.6284945905e-02 1790524044.518
939 3.6602884531e-02 1790524044.529
940 3.6528505385e-02 1790524044.540
941 3.6391630769e-02 1790524044.551
942 3.5833530128e-02 1790524044.562
943 3.5929828882e-02 1790524044.573
944 3.6544427276e-02 1790524044.584
945 3.5935781896e-02 1790524044.595
946 3.6462120712e-02 1790524044.606
947 3.6332108080e-02 1790524044.617
948 3.6361295730e-02 1790524044.628
949 3.6375723779e-02 1790524044.639
950 3.6490723491e-02 1790524044.650
951 3.6403119564e-02 1790524044.661
952 3.5946346819e-02 1790524044.672
953 3.6403100938e-02 1790524044.684
954 3.6295942962e-02 1790524044.695
955 3.6369740963e-02 1790524044.706
956 3.5911031067e-02 1790524044.717
957 3.6401424557e-02 1790524044.728
958 3.5933531821e-02 1790524044.741
959 3.6346130073e-02 1790524044.752
960 3.5455070436e-02 1790524044.763
961 3.5877235234e-02 1790524044.774
962 3.6155134439e-02 1790524044.785
963 3.5462945700e-02 1790524044.797
964 3.6546096206e-02 1790524044.808
965 3.5985127091e-02 1790524044.819
966 3.5871006548e-02 1790524044.830
967 3.5468347371e-02 1790524044.841
968 3.5979159176e-02 1790524044.852
969 3.5441372544e-02 1790524044.863
970 3.5188548267e-02 1790524044.874
971 3.5608775914e-02 1790524044.887
972 3.5606987774e-02 1790524044.901
973 3.5318277776e-02 1790524044.912
974 3.5531233996e-02 1790524044.923
975 3.5522699356e-02 1790524044.934
976 3.5710085183e-02 1790524044.945
977 3.5312265158e-02 1790524044.956
978 3.5652328283e-02 1790524044.967
979 3.5560231656e-02 1790524044.978
980 3.6032445729e-02 1790524044.989
981 3.5509638488e-02 1790524045.000
982 3.6452613771e-02 1790524045.014
983 3.5397037864e-02 1790524045.027
984 3.6341357976e-02 1790524045.038
985 3.5393461585e-02 1790524045.049
986 3.5973351449e-02 1790524045.060
987 3.5667262971e-02 1790524045.071
988 3.6048956215e-02 1790524045.082
989 3.5786621273e-02 1790524045.093
990 3.5347327590e-02 1790524045.104
991 3.6036103964e-02 1790524045.116
992 3.5275027156e-02 1790524045.126
993 3.6321006715e-02 1790524045.138
994 3.5646121949e-02 1790524045.149
995 3.6381937563e-02 1790524045.161
996 3.5435803235e-02 1790524045.172
997 3.5348556936e-02 1790524045.183
998 3.5133104771e-02 1790524045.196
999 3.5224765539e-02 1790524045.207
1000 3.5757701844e-02 1790524045.220
1001 3.5329230130e-02 1790524045.233
1002 3.4561142325e-02 1790524045.244
1003 3.5023763776e-02 1790524045.257
1004 3.4526862204e-02 1790524045.268
1005 3.5173252225e-02 1790524045.279
1006 3.4938286990e-02 1790524045.291
1007 3.4453742206e-02 1790524045.302
1008 3.4943554550e-02 1790524045.313
1009 3.5093903542e-02 1790524045.326
1010 3.5207834095e-02 1790524045.337
1011 3.4386463463e-02 1790524045.348
1012 3.4592904150e-02 1790524045.359
1013 3.4042309970e-02 1790524045.370
1014 3.4064009786e-02 1790524045.381
1015 3.4049056470e-02 1790524045.394
1016 3.3955022693e-02 1790524045.405
1017 3.3876463771e-02 1790524045.416
1018 3.4456558526e-02 1790524045.427
1019 3.3640131354e-02 1790524045.438
1020 3.3914238214e-02 1790524045.449
1021 3.4377679229e-02 1790524045.460
1022 3.4252591431e-02 1790524045.471
1023 3.3922944218e-02 1790524045.482
1024 3.4624621272e-02 1790524045.493
1025 3.3987082541e-02 1790524045.509
1026 3.4443829209e-02 1790524045.522
1027 3.4336641431e-02 1790524045.534
1028 3.4360826015e-02 1790524045.547
1029 3.4017525613e-02 1790524045.559
1030 3.4595165402e-02 1790524045.570
1031 3.3771861345e-02 1790524045.582
1032 3.4016154706e-02 1790524045.593
1033 3.3835809678e-02 1790524045.605
1034 3.4913409501e-02 1790524045.616
1035 3.3703729510e-02 1790524045.628
1036 3.4406825900e-02 1790524045.639
1037 3.3596396446e-02 1790524045.652
1038 3.3506348729e-02 1790524045.663
1039 3.3817484975e-02 1790524045.675
1040 3.3703096211e-02 1790524045.686
1041 3.3834341913e-02 1790524045.698
1042 3.3807203174e-02 1790524045.709
1043 3.3986855298e-02 1790524045.720
1044 3.3810719848e-02 1790524045.731
1045 3.4018747509e-02 1790524045.743
1046 3.3314693719e-02 1790524045.754
1047 3.4071985632e-02 1790524045.765
1048 3.3614262938e-02 1790524045.776
1049 3.3923491836e-02 1790524045.788
1050 3.3766269684e-02 1790524045.798
1051 3.3562868834e-02 1790524045.810
1052 3.3754084259e-02 1790524045.821
1053 3.3180769533e-02 1790524045.833
1054 3.3505745232e-02 1790524045.845
1055 3.3816002309e-02 1790524045.856
1056 3.3997967839e-02 1790524045.867
1057 3.3398047090e-02 1790524045.878
1058 3.3019877970e-02 1790524045.889
1059 3.3623069525e-02 1790524045.901
1060 3.3459812403e-02 1790524045.912
1061 3.3070802689e-02 1790524045.923
1062 3.3679701388e-02 1790524045.935
1063 3.3121738583e-02 1790524045.946
1064 3.3276461065e-02 1790524045.956
1065 3.2987937331e-02 1790524045.968
1066 3.3215671778e-02 1790524045.979
1067 3.3148854971e-02 1790524045.992
1068 3.3116601408e-02 1790524046.003
1069 3.3383261412e-02 1790524046.014
1070 3.3507242799e-02 1790524046.026
1071 3.3048413694e-02 1790524046.037
1072 3.3162474632e-02 1790524046.048
1073 3.3178322017e-02 1790524046.060
1074 3.2972630113e-02 1790524046.071
1075 3.2648842782e-02 1790524046.082
1076 3.2690681517e-02 1790524046.094
1077 3.2498784363e-02 1790524046.105
1078 3.2501228154e-02 1790524046.116
1079 3.2555572689e-02 1790524046.127
1080 3.2940790057e-02 1790524046.138
1081 3.3289194107e-02 1790524046.150
1082 3.2733753324e-02 1790524046.161
1083 3.2658614218e-02 1790524046.172
1084 3.2655034214e-02 1790524046.184
1085 3.2399713993e-02 1790524046.195
1086 3.3192675561e-02 1790524046.205
1087 3.2556153834e-02 1790524046.217
1088 3.3098183572e-02 1790524046.228
1089 3.2475408167e-02 1790524046.239
1090 3.2236810774e-02 1790524046.251
1091 3.2892465591e-02 1790524046.262
1092 3.2274104655e-02 1790524046.273
1093 3.2613012940e-02 1790524046.285
1094 3.2428998500e-02 1790524046.296
1095 3.2597813755e-02 1790524046.308
1096 3.2313521951e-02 1790524046.319
1097 3.2473552972e-02 1790524046.330
1098 3.2601386309e-02 1790524046.342
1099 3.2141137868e-02 1790524046.353
1100 3.2913584262e-02 1790524046.364
1101 3.2173350453e-02 1790524046.375
1102 3.2745968550e-02 1790524046.386
1103 3.2051291317e-02 1790524046.397
1104 3.2251074910e-02 1790524046.409
1105 3.2287575305e-02 1790524046.420
1106 3.2237309963e-02 1790524046.431
1107 3.1931400299e-02 1790524046.443
1108 3.2130725682e-02 1790524046.454
1109 3.2889381051e-02 1790524046.466
1110 3.2439857721e-02 1790524046.477
1111 3.2386559993e-02 1790524046.488
1112 3.2007642090e-02 1790524046.500
1113 3.1910657883e-02 1790524046.511
1114 3.2121844590e-02 1790524046.522
1115 3.2019715756e-02 1790524046.533
1116 3.2198809087e-02 1790524046.545
1117 3.1852409244e-02 1790524046.555
1118 3.1781814992e-02 1790524046.567
1119 3.1798802316e-02 1790524046.578
1120 3.2170563936e-02 1790524046.590
1121 3.1610310078e-02 1790524046.601
1122 3.1818173826e-02 1790524046.612
1123 3.1918551773e-02 1790524046.624
1124 3.2463934273e-02 1790524046.635
1125 3.2479107380e-02 1790524046.646
1126 3.1514868140e-02 1790524046.657
1127 3.1488437206e-02 1790524046.670
1128 3.2082989812e-02 1790524046.684
1129 3.2076165080e-02 1790524046.695
1130 3.2015167177e-02 1790524046.708
1131 3.2294236124e-02 1790524046.719
1132 3.1922224909e-02 1790524046.730
1133 3.2017163932e-02 1790524046.741
1134 3.2190434635e-02 1790524046.752
1135 3.1718872488e-02 1790524046.763
1136 3.1979534775e-02 1790524046.774
1137 3.1443282962e-02 1790524046.786
1138 3.1202808022e-02 1790524046.797
1139 3.1234547496e-02 1790524046.808
1140 3.1654503196e-02 1790524046.819
1141 3.1373586506e-02 1790524046.830
1142 3.1452458352e-02 1790524046.841
1143 3.1706333160e-02 1790524046.852
1144 3.0880033970e-02 1790524046.863
1145 3.1712953001e-02 1790524046.874
1146 3.1078752130e-02 1790524046.885
1147 3.1977750361e-02 1790524046.896
1148 3.1263820827e-02 1790524046.907
1149 3.1724695116e-02 1790524046.918
1150 3.1834248453e-02 1790524046.929
1151 3.1771685928e-02 1790524046.940
1152 3.1904887408e-02 1790524046.954
1153 3.1614884734e-02 1790524046.965
1154 3.2116174698e-02 1790524046.978
1155 3.1516961753e-02 1790524046.989
1156 3.1376209110e-02 1790524047.000
1157 3.1734623015e-02 1790524047.011
1158 3.1205726787e-02 1790524047.022
1159 3.1733676791e-02 1790524047.033
1160 3.1243372709e-02 1790524047.044
1161 3.1699433923e-02 1790524047.056
1162 3.1869255006e-02 1790524047.067
1163 3.1720586121e-02 1790524047.078
1164 3.2019995153e-02 1790524047.089
1165 3.1956687570e-02 1790524047.100
1166 3.2047629356e-02 1790524047.111
1167 3.1567022204e-02 1790524047.122
1168 3.2362982631e-02 1790524047.133
1169 3.1445182860e-02 1790524047.144
1170 3.1515099108e-02 1790524047.155
1171 3.1270179898e-02 1790524047.166
1172 3.1778935343e-02 1790524047.177
1173 3.0788086355e-02 1790524047.188
1174 3.1273499131e-02 1790524047.199
1175 3.1783655286e-02 1790524047.210
1176 3.0975038186e-02 1790524047.221
1177 3.1976167113e-02 1790524047.233
1178 3.1240705401e-02 1790524047.244
1179 3.1362384558e-02 1790524047.255
1180 3.1343586743e-02 1790524047.266
1181 3.1493343413e-02 1790524047.277
1182 3.0977621675e-02 1790524047.288
1183 3.1720887870e-02 1790524047.299
1184 3.1663078815e-02 1790524047.310
1185 3.1143635511e-02 1790524047.321
1186 3.1993962824e-02 1790524047.332
1187 3.0773408711e-02 1790524047.343
1188 3.1171277165e-02 1790524047.354
1189 3.1021604314e-02 1790524047.365
1190 3.1063372269e-02 1790524047.376
1191 3.0555343255e-02 1790524047.387
1192 3.0957940966e-02 1790524047.399
1193 3.0941350386e-02 1790524047.410
1194 3.0296294019e-02 1790524047.421
1195 3.0520420521e-02 1790524047.432
1196 3.0633080751e-02 1790524047.443
1197 3.0323345214e-02 1790524047.454
1198 3.0431546271e-02 1790524047.465
1199 3.0386602506e-02 1790524047.478
1200 3.0618991703e-02 1790524047.489
1201 3.0287288129e-02 1790524047.500
1202 2.9951442033e-02 1790524047.512
1203 2.9914438725e-02 1790524047.523
1204 3.0365547165e-02 1790524047.534
1205 3.0345495790e-02 1790524047.545
1206 3.0086707324e-02 1790524047.556
1207 3.0487334356e-02 1790524047.567
1208 3.0389623716e-02 1790524047.578
1209 3.0211322010e-02 1790524047.591
1210 3.0278479680e-02 1790524047.605
1211 3.0013646930e-02 1790524047.618
1212 3.0449818820e-02 1790524047.631
1213 2.9731124640e-02 1790524047.645
1214 3.0169816688e-02 1790524047.658
1215 3.0171822757e-02 1790524047.669
1216 3.0115213245e-02 1790524047.680
1217 3.0627761036e-02 1790524047.691
1218 2.9886856675e-02 1790524047.702
1219 3.0316153541e-02 1790524047.713
1220 3.0146442354e-02 1790524047.724
1221 3.0237246305e-02 1790524047.735
1222 3.0237156898e-02 1790524047.746
1223 3.0276454985e-02 1790524047.759
1224 2.9808409512e-02 1790524047.770
1225 3.0012246221e-02 1790524047.782
1226 3.0294502154e-02 1790524047.794
1227 2.9986366630e-02 1790524047.805
1228 3.0555509031e-02 1790524047.816
1229 2.9921913520e-02 1790524047.829
1230 3.0002275482e-02 1790524047.840
1231 2.9897833243e-02 1790524047.853
1232 2.9054922983e-02 1790524047.864
1233 3.0528666452e-02 1790524047.875
1234 3.0594445765e-02 1790524047.888
1235 2.9983583838e-02 1790524047.899
1236 3.0277632177e-02 1790524047.910
1237 2.9502753168e-02 1790524047.923
1238 3.0101735145e-02 1790524047.934
1239 2.9539143667e-02 1790524047.947
1240 3.0123054981e-02 1790524047.960
1241 2.9171558097e-02 1790524047.971
1242 3.0217077583e-02 1790524047.983
1243 2.9372263700e-02 1790524047.994
1244 3.0110612512e-02 1790524048.006
1245 2.9581455514e-02 1790524048.017
1246 2.9972054064e-02 1790524048.028
1247 2.9571587220e-02 1790524048.039
1248 2.9920671135e-02 1790524048.052
1249 2.9954044148e-02 1790524048.063
1250 2.9211567715e-02 1790524048.074
1251 3.0018102378e-02 1790524048.085
1252 2.9798381031e-02 1790524048.096
1253 2.9973797500e-02 1790524048.107
1254 2.9301939532e-02 1790524048.120
1255 2.9534557834e-02 1790524048.131
1256 2.9485374689e-02 1790524048.142
1257 2.9740035534e-02 1790524048.153
1258 2.9051445425e-02 1790524048.164
1259 2.9257521033e-02 1790524048.175
1260 2.9207963496e-02 1790524048.186
1261 2.9435180128e-02 1790524048.200
1262 2.9750321060e-02 1790524048.214
1263 2.8706561774e-02 1790524048.227
1264 2.9401917011e-02 1790524048.242
1265 2.9154580086e-02 1790524048.254
1266 2.9526852071e-02 1790524048.266
1267 2.8703045100e-02 1790524048.277
1268 2.9528155923e-02 1790524048.289
1269 2.9322635382e-02 1790524048.302
1270 2.9164755717e-02 1790524048.313
1271 2.9789894819e-02 1790524048.324
1272 2.9032925144e-02 1790524048.337
1273 2.9354639351e-02 1790524048.348
1274 2.8988726437e-02 1790524048.359
1275 2.9442552477e-02 1790524048.371
1276 2.9916079715e-02 1790524048.382
1277 2.8656434268e-02 1790524048.394
1278 2.8934292495e-02 1790524048.405
1279 2.9324458912e-02 1790524048.416
1280 2.8737515211e-02 1790524048.427
1281 2.9257137328e-02 1790524048.438
1282 2.9108542949e-02 1790524048.450
1283 2.9943140224e-02 1790524048.461
1284 2.8962407261e-02 1790524048.472
1285 2.9202578589e-02 1790524048.484
1286 2.9947455972e-02 1790524048.495
1287 2.9084235430e-02 1790524048.506
1288 2.8978610411e-02 1790524048.518
1289 2.9155839235e-02 1790524048.529
1290 2.8560202569e-02 1790524048.542
1291 2.8978683054e-02 1790524048.553
1292 2.9298186302e-02 1790524048.565
1293 2.8500977904e-02 1790524048.575
1294 2.8496291488e-02 1790524048.588
1295 2.9067657888e-02 1790524048.599
1296 2.8637923300e-02 1790524048.610
1297 2.9499754310e-02 1790524048.621
1298 2.9059311375e-02 1790524048.633
1299 2.8224721551e-02 1790524048.643
1300 2.8992714360e-02 1790524048.655
1301 2.9277201742e-02 1790524048.666
1302 2.8891395777e-02 1790524048.678
1303 2.9719442129e-02 1790524048.690
1304 2.8881411999e-02 1790524048.701
1305 2.9452661052e-02 1790524048.713
1306 2.8756069019e-02 1790524048.724
1307 2.9721874744e-02 1790524048.735
1308 2.9091421515e-02 1790524048.747
1309 2.8870176524e-02 1790524048.758
1310 2.9958508909e-02 1790524048.769
1311 2.8462879360e-02 1790524048.781
1312 2.9428649694e-02 1790524048.792
1313 2.8970533982e-02 1790524048.803
1314 2.8773380443e-02 1790524048.814
1315 2.8435815126e-02 1790524048.825
1316 2.8813622892e-02 1790524048.837
1317 2.8223451227e-02 1790524048.848
1318 2.8162121773e-02 1790524048.859
1319 2.8318535537e-02 1790524048.871
1320 2.8215516359e-02 1790524048.882
1321 2.8456347063e-02 1790524048.893
1322 2.8435215354e-02 1790524048.904
1323 2.8007220477e-02 1790524048.916
1324 2.8421029449e-02 1790524048.927
1325 2.8294369578e-02 1790524048.938
1326 2.9373792931e-02 1790524048.949
1327 2.8213867918e-02 1790524048.960
1328 2.8810635209e-02 1790524048.972
1329 2.8760131449e-02 1790524048.983
1330 2.8267785907e-02 1790524048.995
1331 2.8772471473e-02 1790524049.006
1332 2.8395440429e-02 1790524049.017
1333 2.8030272573e-02 1790524049.029
1334 2.8700232506e-02 1790524049.042
1335 2.8408007696e-02 1790524049.053
1336 2.8281804174e-02 1790524049.064
1337 2.8592273593e-02 1790524049.076
1338 2.8164278716e-02 1790524049.087
1339 2.8597142547e-02 1790524049.099
1340 2.8191253543e-02 1790524049.110
1341 2.8795003891e-02 1790524049.122
1342 2.8279535472e-02 1790524049.133
1343 2.8416087851e-02 1790524049.144
1344 2.9475599527e-02 1790524049.156
1345 2.8750343248e-02 1790524049.167
1346 3.0039852485e-02 1790524049.178
1347 2.8960246593e-02 1790524049.190
1348 2.8807554394e-02 1790524049.201
1349 2.9267033562e-02 1790524049.212
1350 2.8863314539e-02 1790524049.224
1351 2.8426775709e-02 1790524049.235
1352 2.9040291905e-02 1790524049.246
1353 2.8787761927e-02 1790524049.257
1354 2.8520710766e-02 1790524049.268
1355 2.8646532446e-02 1790524049.280
1356 2.8346540406e-02 1790524049.291
1357 2.8150826693e-02 1790524049.302
1358 2.8496734798e-02 1790524049.313
1359 2.8714107350e-02 1790524049.326
1360 2.8518155217e-02 1790524049.337
1361 2.8856357560e-02 1790524049.348
1362 2.8779432178e-02 1790524049.359
1363 2.8347602114e-02 1790524049.370
1364 2.8493512422e-02 1790524049.382
1365 2.9127832502e-02 1790524049.393
1366 2.8420740739e-02 1790524049.405
1367 2.8237991035e-02 1790524049.418
1368 2.8764680028e-02 1790524049.431
1369 2.8039472178e-02 1790524049.442
1370 2.8215011582e-02 1790524049.453
1371 2.8311971575e-02 1790524049.464
1372 2.7458149940e-02 1790524049.475
1373 2.8316289186e-02 1790524049.486
1374 2.7901709080e-02 1790524049.497
1375 2.8263149783e-02 1790524049.508
1376 2.8380911797e-02 1790524049.520
1377 2.8558056802e-02 1790524049.533
1378 2.8422744945e-02 1790524049.544
1379 2.7981542051e-02 1790524049.557
1380 2.8246153146e-02 1790524049.568
1381 2.8671097010e-02 1790524049.579
1382 2.8099182993e-02 1790524049.593
1383 2.8619216755e-02 1790524049.604
1384 2.8757780790e-02 1790524049.615
1385 2.8431728482e-02 1790524049.628
1386 2.8507895768e-02 1790524049.639
1387 2.8752434999e-02 1790524049.650
1388 2.9458671808e-02 1790524049.661
1389 2.8299339116e-02 1790524049.672
1390 2.8907122090e-02 1790524049.684
1391 2.8422648087e-02 1790524049.695
1392 2.9217686504e-02 1790524049.706
1393 2.8584051877e-02 1790524049.717
1394 2.9103798792e-02 1790524049.728
1395 2.8988761827e-02 1790524049.739
1396 2.9147425666e-02 1790524049.750
1397 2.8850521892e-02 1790524049.761
1398 2.8454247862e-02 1790524049.772
1399 2.8125699610e-02 1790524049.783
1400 2.8437869623e-02 1790524049.794
1401 2.9302589595e-02 1790524049.805
1402 2.7955425903e-02 1790524049.816
1403 2.8956662863e-02 1790524049.827
1404 2.8474735096e-02 1790524049.838
1405 2.8328802437e-02 1790524049.849
1406 2.8829850256e-02 1790524049.861
1407 2.8080800548e-02 1790524049.872
1408 2.8687367216e-02 1790524049.883
1409 2.7659121901e-02 1790524049.894
1410 2.8955906630e-02 1790524049.905
1411 2.9093906283e-02 1790524049.916
1412 2.8391335160e-02 1790524049.927
1413 2.8326231986e-02 1790524049.938
1414 2.8209445998e-02 1790524049.949
1415 2.8688389808e-02 1790524049.960
1416 2.7903508395e-02 1790524049.971
1417 2.9624287039e-02 1790524049.982
1418 2.7740664780e-02 1790524049.993
1419 2.8595831245e-02 1790524050.004
1420 2.8674233705e-02 1790524050.015
1421 2.8221756220e-02 1790524050.026
1422 2.9048655182e-02 1790524050.038
1423 2.8071885929e-02 1790524050.049
1424 2.8238624334e-02 1790524050.062
1425 2.8215788305e-02 1790524050.075
1426 2.8997061774e-02 1790524050.089
1427 2.8238903731e-02 1790524050.100
1428 2.7830298990e-02 1790524050.111
1429 2.8068298474e-02 1790524050.122
1430 2.8522748500e-02 1790524050.133
1431 2.8672711924e-02 1790524050.144
1432 2.8436772525e-02 1790524050.155
1433 2.7928292751e-02 1790524050.166
1434 2.9360605404e-02 1790524050.177
1435 2.8464011848e-02 1790524050.188
1436 2.8304722160e-02 1790524050.199
1437 2.8934704140e-02 1790524050.210
1438 2.8236309066e-02 1790524050.221
1439 2.7942389250e-02 1790524050.232
1440 2.7773560956e-02 1790524050.244
1441 2.7806913480e-02 1790524050.255
1442 2.8390474617e-02 1790524050.266
1443 2.7839537710e-02 1790524050.277
1444 2.8541784734e-02 1790524050.288
1445 2.7255147696e-02 1790524050.299
1446 2.8280943632e-02 1790524050.310
1447 2.8097365052e-02 1790524050.321
1448 2.7876898646e-02 1790524050.332
1449 2.7921402827e-02 1790524050.343
1450 2.7527656406e-02 1790524050.354
1451 2.8014160693e-02 1790524050.365
1452 2.7714895085e-02 1790524050.376
1453 2.7656469494e-02 1790524050.388
1454 2.7857983485e-02 1790524050.399
1455 2.7885336429e-02 1790524050.410
1456 2.7489276603e-02 1790524050.421
1457 2.7551874518e-02 1790524050.432
1458 2.7327865362e-02 1790524050.443
1459 2.8090234846e-02 1790524050.454
1460 2.7012687176e-02 1790524050.465
1461 2.7316298336e-02 1790524050.476
1462 2.8034646064e-02 1790524050.487
1463 2.7180178091e-02 1790524050.498
1464 2.7553567663e-02 1790524050.509
1465 2.7552587911e-02 1790524050.521
1466 2.7755212039e-02 1790524050.532
1467 2.8254210949e-02 1790524050.543
1468 2.7502601966e-02 1790524050.554
1469 2.9077865183e-02 1790524050.565
1470 2.7388721704e-02 1790524050.576
1471 2.8043976054e-02 1790524050.589
1472 2.8477421030e-02 1790524050.600
1473 2.7011238039e-02 1790524050.611
1474 2.8967719525e-02 1790524050.622
1475 2.7200743556e-02 1790524050.633
1476 2.9074061662e-02 1790524050.644
1477 2.8743721545e-02 1790524050.657
1478 2.7549959719e-02 1790524050.668
1479 2.8229964897e-02 1790524050.679
1480 2.7894493192e-02 1790524050.692
1481 2.8085896745e-02 1790524050.703
1482 2.7488481253e-02 1790524050.714
1483 2.7942199260e-02 1790524050.726
1484 2.7865722775e-02 1790524050.738
1485 2.7956001461e-02 1790524050.750
1486 2.7791526169e-02 1790524050.761
1487 2.7569832280e-02 1790524050.772
1488 2.7183184400e-02 1790524050.785
1489 2.7381321415e-02 1790524050.796
1490 2.7407072484e-02 1790524050.808
1491 2.7062216774e-02 1790524050.820
1492 2.7542710304e-02 1790524050.831
1493 2.6768559590e-02 1790524050.842
1494 2.8027495369e-02 1790524050.855
1495 2.7197027579e-02 1790524050.866
1496 2.7226030827e-02 1790524050.877
1497 2.7250008658e-02 1790524050.890
1498 2.6699770242e-02 1790524050.901
1499 2.6920311153e-02 1790524050.912
CHECKSUM -3.133426900074e+03
