0 1.0382099152e+00 1790524084.277
1 1.0190608501e+00 1790524084.291
2 1.0017154217e+00 1790524084.304
3 9.8325741291e-01 1790524084.315
4 9.5911866426e-01 1790524084.328
5 9.4511210918e-01 1790524084.339
6 9.2532694340e-01 1790524084.353
7 9.0298455954e-01 1790524084.364
8 8.8075590134e-01 1790524084.377
9 8.6506676674e-01 1790524084.388
10 8.4904980659e-01 1790524084.402
11 8.2962954044e-01 1790524084.413
12 8.0817806721e-01 1790524084.424
13 8.0021595955e-01 1790524084.435
14 7.7834832668e-01 1790524084.446
15 7.6313376427e-01 1790524084.457
16 7.4741721153e-01 1790524084.468
17 7.3022419214e-01 1790524084.479
18 7.1237194538e-01 1790524084.490
19 6.9961810112e-01 1790524084.501
20 6.8454355001e-01 1790524084.512
21 6.6807371378e-01 1790524084.523
22 6.5084081888e-01 1790524084.535
23 6.4088010788e-01 1790524084.546
24 6.2283527851e-01 1790524084.557
25 6.1106216908e-01 1790524084.570
26 5.9851902723e-01 1790524084.581
27 5.8599221706e-01 1790524084.592
28 5.6939107180e-01 1790524084.603
29 5.5545532703e-01 1790524084.614
30 5.4630947113e-01 1790524084.625
31 5.3478240967e-01 1790524084.636
32 5.1995569468e-01 1790524084.647
33 5.0710493326e-01 1790524084.659
34 4.9800145626e-01 1790524084.670
35 4.8303481936e-01 1790524084.681
36 4.7672706842e-01 1790524084.692
37 4.6474450827e-01 1790524084.703
38 4.5545083284e-01 1790524084.714
39 4.4715487957e-01 1790524084.725
40 4.3893349171e-01 1790524084.738
41 4.2632043362e-01 1790524084.749
42 4.1550648212e-01 1790524084.760
43 4.0667498112e-01 1790524084.774
44 3.9955213666e-01 1790524084.787
45 3.9330059290e-01 1790524084.800
46 3.8283360004e-01 1790524084.814
47 3.7438660860e-01 1790524084.825
48 3.6510848999e-01 1790524084.836
49 3.6095666885e-01 1790524084.847
50 3.5303145647e-01 1790524084.858
51 3.4679359198e-01 1790524084.869
52 3.4146505594e-01 1790524084.880
53 3.3357858658e-01 1790524084.891
54 3.2806831598e-01 1790524084.902
55 3.2005620003e-01 1790524084.914
56 3.1314828992e-01 1790524084.925
57 3.0541411042e-01 1790524084.936
58 3.0267482996e-01 1790524084.947
59 2.9504200816e-01 1790524084.958
60 2.9146784544e-01 1790524084.969
61 2.8633558750e-01 1790524084.980
62 2.8318840265e-01 1790524084.991
63 2.7903819084e-01 1790524085.002
64 2.7070325613e-01 1790524085.013
65 2.6733368635e-01 1790524085.024
66 2.6348140836e-01 1790524085.035
67 2.6076719165e-01 1790524085.046
68 2.5523415208e-01 1790524085.058
69 2.5117731094e-01 1790524085.069
70 2.4692907929e-01 1790524085.080
71 2.4237990379e-01 1790524085.091
72 2.3730599880e-01 1790524085.102
73 2.3772822320e-01 1790524085.113
74 2.3301988840e-01 1790524085.124
75 2.2784727812e-01 1790524085.136
76 2.2664386034e-01 1790524085.147
77 2.2319610417e-01 1790524085.158
78 2.1975715458e-01 1790524085.171
79 2.1548706293e-01 1790524085.182
80 2.1573662758e-01 1790524085.194
81 2.1107134223e-01 1790524085.206
82 2.0941993594e-01 1790524085.217
83 2.0565447211e-01 1790524085.229
84 2.0202139020e-01 1790524085.240
85 2.0227338374e-01 1790524085.251
86 1.9822415709e-01 1790524085.264
87 1.9641444087e-01 1790524085.277
88 1.9433733821e-01 1790524085.288
89 1.9219973683e-01 1790524085.301
90 1.9207805395e-01 1790524085.312
91 1.8862411380e-01 1790524085.325
92 1.8797028065e-01 1790524085.336
93 1.8485635519e-01 1790524085.347
94 1.8311256170e-01 1790524085.361
95 1.8160700798e-01 1790524085.372
96 1.7991966009e-01 1790524085.383
97 1.7850103974e-01 1790524085.396
98 1.7854385078e-01 1790524085.407
99 1.7588986456e-01 1790524085.418
100 1.7391845584e-01 1790524085.431
101 1.7150913179e-01 1790524085.442
102 1.7205753922e-01 1790524085.453
103 1.7165747285e-01 1790524085.465
104 1.6919606924e-01 1790524085.476
105 1.6908529401e-01 1790524085.489
106 1.6936510801e-01 1790524085.500
107 1.6659998894e-01 1790524085.511
108 1.6672292352e-01 1790524085.522
109 1.6500461102e-01 1790524085.533
110 1.6469258070e-01 1790524085.544
111 1.6377942264e-01 1790524085.555
112 1.6217240691e-01 1790524085.570
113 1.6282320023e-01 1790524085.586
114 1.6321955621e-01 1790524085.598
115 1.5916559100e-01 1790524085.611
116 1.6122964025e-01 1790524085.623
117 1.6240093112e-01 1790524085.635
118 1.6074413061e-01 1790524085.647
119 1.5808171034e-01 1790524085.658
120 1.5765117109e-01 1790524085.671
121 1.5763916075e-01 1790524085.684
122 1.5915793180e-01 1790524085.695
123 1.5677344799e-01 1790524085.709
124 1.5575975180e-01 1790524085.720
125 1.5712693334e-01 1790524085.731
126 1.5593661368e-01 1790524085.744
127 1.5589395165e-01 1790524085.755
128 1.5483590961e-01 1790524085.766
129 1.5438401699e-01 1790524085.778
130 1.5513436496e-01 1790524085.789
131 1.5448203683e-01 1790524085.801
132 1.5334357321e-01 1790524085.812
133 1.5262782574e-01 1790524085.824
134 1.5284824371e-01 1790524085.836
135 1.5258818865e-01 1790524085.849
136 1.5085048974e-01 1790524085.861
137 1.5299765766e-01 1790524085.873
138 1.5301676095e-01 1790524085.884
139 1.5026128292e-01 1790524085.895
140 1.5103706717e-01 1790524085.907
141 1.5046888590e-01 1790524085.920
142 1.5128871799e-01 1790524085.931
143 1.5181992948e-01 1790524085.942
144 1.4986404777e-01 1790524085.954
145 1.5127956867e-01 1790524085.966
146 1.5011635423e-01 1790524085.977
147 1.4843399823e-01 1790524085.988
148 1.4819774032e-01 1790524085.999
149 1.4976313710e-01 1790524086.010
150 1.4835658669e-01 1790524086.023
151 1.4779970050e-01 1790524086.034
152 1.4781451225e-01 1790524086.045
153 1.4859354496e-01 1790524086.057
154 1.4678198099e-01 1790524086.068
155 1.4670729637e-01 1790524086.079
156 1.4772434533e-01 1790524086.091
157 1.4605402946e-01 1790524086.102
158 1.4569492638e-01 1790524086.113
159 1.4612506330e-01 1790524086.124
160 1.4593620598e-01 1790524086.135
161 1.4521269500e-01 1790524086.147
162 1.4527530968e-01 1790524086.158
163 1.4459544420e-01 1790524086.169
164 1.4544318616e-01 1790524086.180
165 1.4572435617e-01 1790524086.191
166 1.4278814197e-01 1790524086.202
167 1.4506027102e-01 1790524086.214
168 1.4404892921e-01 1790524086.225
169 1.4316962659e-01 1790524086.236
170 1.4199796319e-01 1790524086.248
171 1.4190411568e-01 1790524086.259
172 1.4239852130e-01 1790524086.270
173 1.4373609424e-01 1790524086.282
174 1.4360392094e-01 1790524086.293
175 1.4168199897e-01 1790524086.304
176 1.4108785987e-01 1790524086.315
177 1.4226873219e-01 1790524086.327
178 1.4060741663e-01 1790524086.337
179 1.3942092657e-01 1790524086.349
180 1.3983608782e-01 1790524086.360
181 1.4053380489e-01 1790524086.373
182 1.4165581763e-01 1790524086.384
183 1.3916076720e-01 1790524086.396
184 1.4004814625e-01 1790524086.407
185 1.3894857466e-01 1790524086.418
186 1.3870096207e-01 1790524086.431
187 1.3859897852e-01 1790524086.442
188 1.3749448955e-01 1790524086.454
189 1.3827514648e-01 1790524086.465
190 1.3839037716e-01 1790524086.476
191 1.3804236054e-01 1790524086.487
192 1.3613131642e-01 1790524086.500
193 1.3841775060e-01 1790524086.511
194 1.3739392161e-01 1790524086.522
195 1.3660191000e-01 1790524086.533
196 1.3535715640e-01 1790524086.545
197 1.3560816646e-01 1790524086.555
198 1.3655534387e-01 1790524086.567
199 1.3524812460e-01 1790524086.578
200 1.3473872840e-01 1790524086.589
201 1.3474956155e-01 1790524086.601
202 1.3360702991e-01 1790524086.612
203 1.3342992961e-01 1790524086.623
204 1.3539920747e-01 1790524086.635
205 1.3238462806e-01 1790524086.646
206 1.3398425281e-01 1790524086.658
207 1.3419736922e-01 1790524086.669
208 1.3324059546e-01 1790524086.680
209 1.3468769193e-01 1790524086.691
210 1.3295492530e-01 1790524086.702
211 1.3260385394e-01 1790524086.714
212 1.3218194246e-01 1790524086.725
213 1.3252936304e-01 1790524086.736
214 1.3136187196e-01 1790524086.747
215 1.3038480282e-01 1790524086.759
216 1.3198837638e-01 1790524086.770
217 1.3067321479e-01 1790524086.781
218 1.3095529377e-01 1790524086.792
219 1.2914896011e-01 1790524086.803
220 1.3072717190e-01 1790524086.814
221 1.3048510253e-01 1790524086.825
222 1.2842246890e-01 1790524086.836
223 1.3060493767e-01 1790524086.847
224 1.2900111079e-01 1790524086.858
225 1.2865206599e-01 1790524086.869
226 1.2865287066e-01 1790524086.880
227 1.2836377323e-01 1790524086.891
228 1.2771663070e-01 1790524086.902
229 1.2793843448e-01 1790524086.913
230 1.2764197588e-01 1790524086.924
231 1.2660713494e-01 1790524086.936
232 1.2726269662e-01 1790524086.947
233 1.2822093070e-01 1790524086.958
234 1.2664991617e-01 1790524086.969
235 1.2598012388e-01 1790524086.980
236 1.2576550245e-01 1790524086.991
237 1.2598973513e-01 1790524087.002
238 1.2472374737e-01 1790524087.013
239 1.2586039305e-01 1790524087.024
240 1.2529635429e-01 1790524087.035
241 1.2508693337e-01 1790524087.046
242 1.2570121884e-01 1790524087.057
243 1.2440538406e-01 1790524087.068
244 1.2374619395e-01 1790524087.079
245 1.2406125665e-01 1790524087.090
246 1.2354493141e-01 1790524087.102
247 1.2339968979e-01 1790524087.113
248 1.2317102402e-01 1790524087.124
249 1.2266069651e-01 1790524087.135
250 1.2128834426e-01 1790524087.146
251 1.2235826254e-01 1790524087.157
252 1.2237867713e-01 1790524087.168
253 1.2072623521e-01 1790524087.179
254 1.2238479406e-01 1790524087.190
255 1.1985878646e-01 1790524087.201
256 1.2042316794e-01 1790524087.212
257 1.2274949253e-01 1790524087.223
258 1.2077431381e-01 1790524087.234
259 1.1916393787e-01 1790524087.245
260 1.1920478940e-01 1790524087.256
261 1.1819314957e-01 1790524087.267
262 1.1969759315e-01 1790524087.278
263 1.1879050732e-01 1790524087.290
264 1.2113781273e-01 1790524087.301
265 1.1889638007e-01 1790524087.312
266 1.1737539619e-01 1790524087.323
267 1.1898271739e-01 1790524087.334
268 1.1787836999e-01 1790524087.345
269 1.1729636788e-01 1790524087.356
270 1.1818250269e-01 1790524087.367
271 1.1681225896e-01 1790524087.378
272 1.1727891862e-01 1790524087.389
273 1.1683347076e-01 1790524087.400
274 1.1562945694e-01 1790524087.411
275 1.1557140946e-01 1790524087.422
276 1.1579082161e-01 1790524087.433
277 1.1773324013e-01 1790524087.444
278 1.1556731164e-01 1790524087.455
279 1.1450933665e-01 1790524087.467
280 1.1338266730e-01 1790524087.478
281 1.1473968625e-01 1790524087.489
282 1.1444872618e-01 1790524087.500
283 1.1472768337e-01 1790524087.511
284 1.1300187558e-01 1790524087.522
285 1.1345851421e-01 1790524087.533
286 1.1320333183e-01 1790524087.544
287 1.1244363338e-01 1790524087.555
288 1.1157972366e-01 1790524087.566
289 1.1161434650e-01 1790524087.577
290 1.1228851229e-01 1790524087.588
291 1.1296510696e-01 1790524087.599
292 1.1192739010e-01 1790524087.611
293 1.1261068285e-01 1790524087.622
294 1.1086269468e-01 1790524087.633
295 1.1121483147e-01 1790524087.644
296 1.1137773842e-01 1790524087.657
297 1.1014618725e-01 1790524087.670
298 1.1053495109e-01 1790524087.682
299 1.1091612279e-01 1790524087.693
300 1.1011902988e-01 1790524087.704
301 1.0994444788e-01 1790524087.715
302 1.0883648694e-01 1790524087.726
303 1.0806889087e-01 1790524087.737
304 1.0986021161e-01 1790524087.748
305 1.0833840072e-01 1790524087.759
306 1.0714423656e-01 1790524087.770
307 1.0789327323e-01 1790524087.781
308 1.0883896053e-01 1790524087.792
309 1.0851072520e-01 1790524087.803
310 1.0709985346e-01 1790524087.814
311 1.0774279386e-01 1790524087.827
312 1.0649378598e-01 1790524087.841
313 1.0751079023e-01 1790524098.605
314 1.0719358921e-01 1790524098.616
315 1.0755969584e-01 1790524098.627
316 1.0588862747e-01 1790524098.639
317 1.0496944189e-01 1790524098.655
318 1.0588692874e-01 1790524098.670
319 1.0514191538e-01 1790524098.685
320 1.0406704247e-01 1790524098.699
321 1.0523004830e-01 1790524098.711
322 1.0577319562e-01 1790524098.723
323 1.0450001061e-01 1790524098.734
324 1.0471326858e-01 1790524098.747
325 1.0348187387e-01 1790524098.758
326 1.0413996875e-01 1790524098.769
327 1.0229662806e-01 1790524098.781
328 1.0334180295e-01 1790524098.792
329 1.0321003944e-01 1790524098.803
330 1.0277426243e-01 1790524098.815
331 1.0304179788e-01 1790524098.826
332 1.0183587670e-01 1790524098.837
333 1.0192069411e-01 1790524098.849
334 1.0146357864e-01 1790524098.860
335 1.0130000114e-01 1790524098.871
336 1.0144595802e-01 1790524098.883
337 1.0068961978e-01 1790524098.894
338 1.0086458921e-01 1790524098.905
339 9.9608361721e-02 1790524098.917
340 1.0128878057e-01 1790524098.928
341 9.9674299359e-02 1790524098.940
342 1.0035338998e-01 1790524098.951
343 9.9025987089e-02 1790524098.963
344 9.7658216953e-02 1790524098.974
345 9.9445104599e-02 1790524098.985
346 9.9047094584e-02 1790524098.996
347 9.8979160190e-02 1790524099.007
348 9.8807506263e-02 1790524099.018
349 9.7104564309e-02 1790524099.030
350 9.8824210465e-02 1790524099.041
351 9.8212152719e-02 1790524099.052
352 9.8025649786e-02 1790524099.064
353 9.7200222313e-02 1790524099.075
354 9.6928037703e-02 1790524099.086
355 9.5787920058e-02 1790524099.098
356 9.5828406513e-02 1790524099.110
357 9.5585450530e-02 1790524099.121
358 9.6543177962e-02 1790524099.132
359 9.4419851899e-02 1790524099.143
360 9.5340594649e-02 1790524099.155
361 9.5329672098e-02 1790524099.168
362 9.5296978951e-02 1790524099.179
363 9.3795567751e-02 1790524099.190
364 9.4436213374e-02 1790524099.202
365 9.4126611948e-02 1790524099.213
366 9.4944395125e-02 1790524099.225
367 9.4633951783e-02 1790524099.236
368 9.4901382923e-02 1790524099.249
369 9.2888593674e-02 1790524099.260
370 9.4887897372e-02 1790524099.271
371 9.3138031662e-02 1790524099.282
372 9.2725627124e-02 1790524099.294
373 9.2293605208e-02 1790524099.305
374 9.2986136675e-02 1790524099.316
375 9.1965183616e-02 1790524099.329
376 9.2588916421e-02 1790524099.340
377 9.2905677855e-02 1790524099.351
378 9.1254115105e-02 1790524099.362
379 9.1875165701e-02 1790524099.374
380 9.1348975897e-02 1790524099.386
381 9.1728337109e-02 1790524099.397
382 9.0786948800e-02 1790524099.408
383 9.1057874262e-02 1790524099.420
384 9.1756075621e-02 1790524099.431
385 8.9809462428e-02 1790524099.442
386 8.9629985392e-02 1790524099.454
387 9.0561658144e-02 1790524099.465
388 8.9255467057e-02 1790524099.476
389 9.0284951031e-02 1790524099.488
390 8.9534044266e-02 1790524099.501
391 8.9051164687e-02 1790524099.515
392 9.0174555779e-02 1790524099.526
393 8.7690405548e-02 1790524099.538
394 8.9061975479e-02 1790524099.551
395 8.7921328843e-02 1790524099.562
396 8.7389722466e-02 1790524099.573
397 8.7807953358e-02 1790524099.585
398 8.8203370571e-02 1790524099.596
399 8.6408801377e-02 1790524099.608
400 8.6410902441e-02 1790524099.619
401 8.6380377412e-02 1790524099.630
402 8.5646033287e-02 1790524099.642
403 8.6855314672e-02 1790524099.655
404 8.6138330400e-02 1790524099.667
405 8.5470005870e-02 1790524099.678
406 8.6316652596e-02 1790524099.689
407 8.5426628590e-02 1790524099.702
408 8.5904724896e-02 1790524099.713
409 8.6021788418e-02 1790524099.724
410 8.4875531495e-02 1790524099.735
411 8.4720745683e-02 1790524099.746
412 8.4475941956e-02 1790524099.758
413 8.5177838802e-02 1790524099.769
414 8.4086865187e-02 1790524099.780
415 8.3816587925e-02 1790524099.791
416 8.3424188197e-02 1790524099.802
417 8.4109239280e-02 1790524099.814
418 8.4713757038e-02 1790524099.825
419 8.3262547851e-02 1790524099.838
420 8.3337679505e-02 1790524099.849
421 8.2819499075e-02 1790524099.860
422 8.1903532147e-02 1790524099.871
423 8.2997590303e-02 1790524099.882
424 8.2681261003e-02 1790524099.893
425 8.2434922457e-02 1790524099.904
426 8.0974817276e-02 1790524099.915
427 8.1662148237e-02 1790524099.927
428 8.1551954150e-02 1790524099.938
429 8.2635939121e-02 1790524099.949
430 8.2792639732e-02 1790524099.960
431 8.0679394305e-02 1790524099.971
432 8.1172674894e-02 1790524099.982
433 8.1018321216e-02 1790524099.993
434 8.0775074661e-02 1790524100.004
435 7.9560212791e-02 1790524100.015
436 8.0706134439e-02 1790524100.026
437 8.0139473081e-02 1790524100.037
438 8.0806761980e-02 1790524100.048
439 7.9607546329e-02 1790524100.059
440 7.9736083746e-02 1790524100.070
441 7.9339176416e-02 1790524100.081
442 7.9883858562e-02 1790524100.092
443 7.8678414226e-02 1790524100.104
444 7.9794593155e-02 1790524100.115
445 7.8980132937e-02 1790524100.126
446 7.8732453287e-02 1790524100.137
447 7.8223243356e-02 1790524100.148
448 7.7715918422e-02 1790524100.159
449 7.8112334013e-02 1790524100.170
450 7.8518807888e-02 1790524100.181
451 7.8884243965e-02 1790524100.192
452 7.8151226044e-02 1790524100.203
453 7.7768921852e-02 1790524100.214
454 7.7618338168e-02 1790524100.225
455 7.7368564904e-02 1790524100.236
456 7.7066339552e-02 1790524100.247
457 7.6421022415e-02 1790524100.258
458 7.7969416976e-02 1790524100.269
459 7.6242104173e-02 1790524100.281
460 7.6537519693e-02 1790524100.292
461 7.7587015927e-02 1790524100.303
462 7.6346799731e-02 1790524100.314
463 7.6188683510e-02 1790524100.325
464 7.5845658779e-02 1790524100.336
465 7.5652956963e-02 1790524100.347
466 7.4905999005e-02 1790524100.358
467 7.4981182814e-02 1790524100.369
468 7.4543043971e-02 1790524100.380
469 7.4134275317e-02 1790524100.391
470 7.3943398893e-02 1790524100.402
471 7.4557334185e-02 1790524100.413
472 7.4167005718e-02 1790524100.424
473 7.4952945113e-02 1790524100.435
474 7.4293121696e-02 1790524100.446
475 7.3231115937e-02 1790524100.460
476 7.3763340712e-02 1790524100.471
477 7.4405312538e-02 1790524100.484
478 7.3131047189e-02 1790524100.495
479 7.2521209717e-02 1790524100.506
480 7.2855249047e-02 1790524100.518
481 7.2743184865e-02 1790524100.529
482 7.2501927614e-02 1790524100.540
483 7.3374330997e-02 1790524100.551
484 7.2228640318e-02 1790524100.562
485 7.3017127812e-02 1790524100.573
486 7.1947641671e-02 1790524100.584
487 7.1219578385e-02 1790524100.595
488 7.1798041463e-02 1790524100.606
489 7.2885937989e-02 1790524100.617
490 7.0630878210e-02 1790524100.628
491 7.0462256670e-02 1790524100.639
492 7.0695489645e-02 1790524100.653
493 7.1197293699e-02 1790524100.664
494 7.0898689330e-02 1790524100.675
495 7.1113020182e-02 1790524100.686
496 7.0226840675e-02 1790524100.697
497 6.9518059492e-02 1790524100.708
498 7.0138543844e-02 1790524100.719
499 6.9316402078e-02 1790524100.730
500 6.9930344820e-02 1790524100.741
501 6.9303981960e-02 1790524100.752
502 6.9427862763e-02 1790524100.763
503 6.9741569459e-02 1790524100.775
504 6.8662144244e-02 1790524100.786
505 6.8990312517e-02 1790524100.797
506 6.8670876324e-02 1790524100.808
507 6.8598859012e-02 1790524100.819
508 6.7738965154e-02 1790524100.830
509 6.8080723286e-02 1790524100.841
510 6.8379327655e-02 1790524100.854
511 6.8076327443e-02 1790524100.867
512 6.8316742778e-02 1790524100.878
513 6.8132638931e-02 1790524100.890
514 6.7238062620e-02 1790524100.901
515 6.7820578814e-02 1790524100.914
516 6.7493885756e-02 1790524100.925
517 6.7430645227e-02 1790524100.938
518 6.6369876266e-02 1790524100.949
519 6.7132353783e-02 1790524100.961
520 6.7696057260e-02 1790524100.972
521 6.6678285599e-02 1790524100.983
522 6.6905260086e-02 1790524100.994
523 6.7085169256e-02 1790524101.005
524 6.7342624068e-02 1790524101.016
525 6.5805025399e-02 1790524101.027
526 6.6406741738e-02 1790524101.038
527 6.6440194845e-02 1790524101.049
528 6.4919508994e-02 1790524101.060
529 6.7332923412e-02 1790524101.072
530 6.4891025424e-02 1790524101.083
531 6.4742773771e-02 1790524101.094
532 6.5696790814e-02 1790524101.106
533 6.5717473626e-02 1790524101.117
534 6.4693264663e-02 1790524101.128
535 6.5275281668e-02 1790524101.140
536 6.5199866891e-02 1790524101.151
537 6.4553990960e-02 1790524101.162
538 6.4508616924e-02 1790524101.174
539 6.4376354218e-02 1790524101.185
540 6.3587129116e-02 1790524101.196
541 6.4454570413e-02 1790524101.208
542 6.4684122801e-02 1790524101.219
543 6.3299186528e-02 1790524101.230
544 6.3393115997e-02 1790524101.242
545 6.3247956336e-02 1790524101.253
546 6.4058437943e-02 1790524101.264
547 6.3609153032e-02 1790524101.276
548 6.2779337168e-02 1790524101.287
549 6.3353434205e-02 1790524101.298
550 6.2867984176e-02 1790524101.310
551 6.2583670020e-02 1790524101.321
552 6.2375247478e-02 1790524101.332
553 6.3029013574e-02 1790524101.344
554 6.2713816762e-02 1790524101.355
555 6.2788754702e-02 1790524101.366
556 6.1490431428e-02 1790524101.378
557 6.1925273389e-02 1790524101.389
558 6.1786949635e-02 1790524101.400
559 6.1408348382e-02 1790524101.412
560 6.1889804900e-02 1790524101.423
561 6.1616048217e-02 1790524101.434
562 6.1059840024e-02 1790524101.447
563 6.1527270824e-02 1790524101.458
564 6.0173146427e-02 1790524101.469
565 6.0755774379e-02 1790524101.481
566 6.0575775802e-02 1790524101.492
567 6.0371316969e-02 1790524101.503
568 6.1096653342e-02 1790524101.514
569 6.0027368367e-02 1790524101.525
570 6.0971707106e-02 1790524101.536
571 6.1391472816e-02 1790524101.547
572 6.0213692486e-02 1790524101.562
573 5.9904586524e-02 1790524101.578
574 5.9418193996e-02 1790524101.592
575 5.9638336301e-02 1790524101.609
576 6.0097433627e-02 1790524101.620
577 5.9570107609e-02 1790524101.632
578 5.9411264956e-02 1790524101.643
579 5.9268891811e-02 1790524101.656
580 5.9953078628e-02 1790524101.669
581 5.9321332723e-02 1790524101.680
582 5.9527032077e-02 1790524101.691
583 5.9496015310e-02 1790524101.702
584 5.8768134564e-02 1790524101.714
585 5.8584615588e-02 1790524101.726
586 5.7987190783e-02 1790524101.737
587 5.8481834829e-02 1790524101.748
588 5.8021277189e-02 1790524101.760
589 5.8348335326e-02 1790524101.771
590 5.8631189167e-02 1790524101.782
591 5.8707419783e-02 1790524101.793
592 5.7846903801e-02 1790524101.804
593 5.7731814682e-02 1790524101.817
594 5.7696387172e-02 1790524101.828
595 5.6897677481e-02 1790524101.839
596 5.7347543538e-02 1790524101.850
597 5.7781271636e-02 1790524101.861
598 5.6638561189e-02 1790524101.873
599 5.6949175894e-02 1790524101.884
600 5.6383401155e-02 1790524101.895
601 5.7016730309e-02 1790524101.906
602 5.6528646499e-02 1790524101.917
603 5.6463800371e-02 1790524101.928
604 5.7095963508e-02 1790524101.939
605 5.6457906961e-02 1790524101.951
606 5.6471053511e-02 1790524101.962
607 5.6135460734e-02 1790524101.973
608 5.6672088802e-02 1790524101.985
609 5.6208252907e-02 1790524101.996
610 5.6049719453e-02 1790524102.008
611 5.6328110397e-02 1790524102.019
612 5.6109897792e-02 1790524102.030
613 5.5355280638e-02 1790524102.042
614 5.5538609624e-02 1790524102.053
615 5.5816020817e-02 1790524102.065
616 5.5300399661e-02 1790524102.076
617 5.4702684283e-02 1790524102.087
618 5.5491708219e-02 1790524102.099
619 5.4824043065e-02 1790524102.110
620 5.5099971592e-02 1790524102.121
621 5.4789695889e-02 1790524102.133
622 5.4747469723e-02 1790524102.144
623 5.5129200220e-02 1790524102.155
624 5.4877154529e-02 1790524102.167
625 5.5112224072e-02 1790524102.178
626 5.3862378001e-02 1790524102.189
627 5.4604642093e-02 1790524102.201
628 5.3950898349e-02 1790524102.212
629 5.4084304720e-02 1790524102.223
630 5.3063102067e-02 1790524102.235
631 5.4374974221e-02 1790524102.246
632 5.4063148797e-02 1790524102.257
633 5.3630813956e-02 1790524102.269
634 5.3917974234e-02 1790524102.280
635 5.4039616138e-02 1790524102.292
636 5.3020291030e-02 1790524102.303
637 5.3616363555e-02 1790524102.314
638 5.2963949740e-02 1790524102.325
639 5.2902448922e-02 1790524102.337
640 5.2289523184e-02 1790524102.348
641 5.2669808269e-02 1790524102.359
642 5.2127771080e-02 1790524102.370
643 5.3013458848e-02 1790524102.381
644 5.2690237761e-02 1790524102.393
645 5.2917223424e-02 1790524102.404
646 5.2351400256e-02 1790524102.415
647 5.2068047225e-02 1790524102.426
648 5.1887013018e-02 1790524102.437
649 5.2047133446e-02 1790524102.449
650 5.2016027272e-02 1790524102.460
651 5.1949955523e-02 1790524102.472
652 5.2086323500e-02 1790524102.483
653 5.2413880825e-02 1790524102.494
654 5.2034758031e-02 1790524102.505
655 5.1782108843e-02 1790524102.517
656 5.2125208080e-02 1790524102.528
657 5.2067320794e-02 1790524102.539
658 5.1690015942e-02 1790524102.551
659 5.2286457270e-02 1790524102.562
660 5.1593560725e-02 1790524102.573
661 5.1555588841e-02 1790524102.584
662 5.0569757819e-02 1790524102.595
663 5.1674321294e-02 1790524102.608
664 5.1733639091e-02 1790524102.619
665 5.1368024200e-02 1790524102.630
666 5.1254898310e-02 1790524102.641
667 5.1024369895e-02 1790524102.652
668 5.0550751388e-02 1790524102.663
669 5.1444754004e-02 1790524102.675
670 5.0369217992e-02 1790524102.686
671 5.0274066627e-02 1790524102.698
672 5.0553344190e-02 1790524102.709
673 5.0943352282e-02 1790524102.720
674 4.9724590033e-02 1790524102.731
675 5.0139397383e-02 1790524102.742
676 5.0219438970e-02 1790524102.753
677 4.9603559077e-02 1790524102.764
678 4.9957200885e-02 1790524102.775
679 5.0586026162e-02 1790524102.786
680 4.9941416830e-02 1790524102.797
681 4.9570769072e-02 1790524102.808
682 4.9770921469e-02 1790524102.819
683 4.9624390900e-02 1790524102.830
684 4.8698887229e-02 1790524102.841
685 4.9489598721e-02 1790524102.853
686 4.8450820148e-02 1790524102.864
687 4.9925044179e-02 1790524102.875
688 4.9221653491e-02 1790524102.886
689 4.9464549869e-02 1790524102.897
690 4.9154102802e-02 1790524102.908
691 4.8393547535e-02 1790524102.919
692 4.8760943115e-02 1790524102.930
693 4.8548452556e-02 1790524102.941
694 4.8947021365e-02 1790524102.952
695 4.8789128661e-02 1790524102.963
696 4.9120463431e-02 1790524102.974
697 4.9223866314e-02 1790524102.988
698 4.8056367785e-02 1790524103.001
699 4.8158463091e-02 1790524103.014
700 4.8214465380e-02 1790524103.028
701 4.8111066222e-02 1790524103.041
702 4.8443801701e-02 1790524103.052
703 4.7913305461e-02 1790524103.063
704 4.7859437764e-02 1790524103.074
705 4.7868840396e-02 1790524103.085
706 4.8325814307e-02 1790524103.096
707 4.7320518643e-02 1790524103.107
708 4.7859147191e-02 1790524103.118
709 4.7851599753e-02 1790524103.130
710 4.7777600586e-02 1790524103.141
711 4.6567168087e-02 1790524103.152
712 4.7559347004e-02 1790524103.163
713 4.7224350274e-02 1790524103.174
714 4.7421611845e-02 1790524103.185
715 4.7532469034e-02 1790524103.196
716 4.7520034015e-02 1790524103.207
717 4.7030694783e-02 1790524103.218
718 4.6592403203e-02 1790524103.229
719 4.7171756625e-02 1790524103.240
720 4.6402662992e-02 1790524103.251
721 4.6869687736e-02 1790524103.262
722 4.7132108361e-02 1790524103.273
723 4.6845465899e-02 1790524103.284
724 4.6548567712e-02 1790524103.295
725 4.6576067805e-02 1790524103.306
726 4.5767568052e-02 1790524103.318
727 4.6712782234e-02 1790524103.329
728 4.6284385026e-02 1790524103.340
729 4.6063002199e-02 1790524103.351
730 4.5951813459e-02 1790524103.364
731 4.5062556863e-02 1790524103.375
732 4.5760054141e-02 1790524103.389
733 4.6037681401e-02 1790524103.402
734 4.6464975923e-02 1790524103.415
735 4.5559421182e-02 1790524103.426
736 4.5997701585e-02 1790524103.437
737 4.5936383307e-02 1790524103.448
738 4.6130981296e-02 1790524103.459
739 4.5722715557e-02 1790524103.471
740 4.5307427645e-02 1790524103.482
741 4.5833818614e-02 1790524103.493
742 4.6252533793e-02 1790524103.504
743 4.5897718519e-02 1790524103.515
744 4.5800000429e-02 1790524103.526
745 4.4872555882e-02 1790524103.537
746 4.5036621392e-02 1790524103.548
747 4.5758724213e-02 1790524103.559
748 4.5052833855e-02 1790524103.570
749 4.4822618365e-02 1790524103.584
750 4.4930528849e-02 1790524103.597
751 4.4931925833e-02 1790524103.610
752 4.4902086258e-02 1790524103.621
753 4.4446967542e-02 1790524103.632
754 4.5609585941e-02 1790524103.644
755 4.4102698565e-02 1790524103.655
756 4.5324519277e-02 1790524103.668
757 4.4422112405e-02 1790524103.681
758 4.4839255512e-02 1790524103.692
759 4.5038387179e-02 1790524103.703
760 4.4770635664e-02 1790524103.715
761 4.5009221882e-02 1790524103.726
762 4.4606521726e-02 1790524103.737
763 4.5041885227e-02 1790524103.748
764 4.3931894004e-02 1790524103.759
765 4.4033542275e-02 1790524103.770
766 4.4437687844e-02 1790524103.781
767 4.4405508786e-02 1790524103.792
768 4.4270139188e-02 1790524103.803
769 4.4592961669e-02 1790524103.815
770 4.4057104737e-02 1790524103.826
771 4.4320639223e-02 1790524103.839
772 4.3976195157e-02 1790524103.852
773 4.3998975307e-02 1790524103.866
774 4.4526472688e-02 1790524103.879
775 4.4401604682e-02 1790524103.892
776 4.4241212308e-02 1790524103.903
777 4.3582815677e-02 1790524103.916
778 4.3629616499e-02 1790524103.927
779 4.3060943484e-02 1790524103.938
780 4.3028168380e-02 1790524103.951
781 4.3406277895e-02 1790524103.962
782 4.3149564415e-02 1790524103.975
783 4.3373860419e-02 1790524103.986
784 4.3105732650e-02 1790524103.997
785 4.3536394835e-02 1790524104.010
786 4.2901001871e-02 1790524104.021
787 4.3717458844e-02 1790524104.032
788 4.3695978820e-02 1790524104.043
789 4.3476223946e-02 1790524104.054
790 4.3082416058e-02 1790524104.065
791 4.2498767376e-02 1790524104.078
792 4.3199233711e-02 1790524104.089
793 4.3081831187e-02 1790524104.100
794 4.2447786778e-02 1790524104.113
795 4.3049424887e-02 1790524104.126
796 4.2907577008e-02 1790524104.139
797 4.2347189039e-02 1790524104.153
798 4.2642444372e-02 1790524104.166
799 4.2442653328e-02 1790524104.179
800 4.2161792517e-02 1790524104.193
801 4.1948080063e-02 1790524104.204
802 4.2282253504e-02 1790524104.215
803 4.1921559721e-02 1790524104.226
804 4.2501643300e-02 1790524104.237
805 4.1685327888e-02 1790524104.252
806 4.1394241154e-02 1790524104.267
807 4.2086742818e-02 1790524104.280
808 4.1179701686e-02 1790524104.293
809 4.1693024337e-02 1790524104.305
810 4.1914906353e-02 1790524104.316
811 4.1608206928e-02 1790524104.329
812 4.1632160544e-02 1790524104.340
813 4.1834168136e-02 1790524104.353
814 4.1833333671e-02 1790524104.366
815 4.1283205152e-02 1790524104.378
816 4.1347563267e-02 1790524104.390
817 4.1342847049e-02 1790524104.403
818 4.1361242533e-02 1790524104.416
819 4.1014242917e-02 1790524104.427
820 4.1148573160e-02 1790524104.439
821 4.1213307530e-02 1790524104.450
822 4.1497044265e-02 1790524104.461
823 4.1287459433e-02 1790524104.472
824 4.1324563324e-02 1790524104.484
825 4.1141264141e-02 1790524104.495
826 4.1361771524e-02 1790524104.506
827 4.1629999876e-02 1790524104.517
828 4.1636839509e-02 1790524104.528
829 4.1276603937e-02 1790524104.539
830 4.1471373290e-02 1790524104.551
831 4.1318237782e-02 1790524104.562
832 4.1198410094e-02 1790524104.574
833 4.1142158210e-02 1790524104.585
834 4.0812704712e-02 1790524104.596
835 4.0647063404e-02 1790524104.607
836 4.1258145124e-02 1790524104.618
837 4.1014041752e-02 1790524104.630
838 4.0984246880e-02 1790524104.641
839 4.0925562382e-02 1790524104.652
840 4.0252331644e-02 1790524104.663
841 4.0859431028e-02 1790524104.675
842 4.0171787143e-02 1790524104.686
843 4.1015721858e-02 1790524104.697
844 4.0450721979e-02 1790524104.709
845 4.0572013706e-02 1790524104.720
846 3.9795141667e-02 1790524104.732
847 4.0346898139e-02 1790524104.744
848 4.0424343199e-02 1790524104.755
849 4.0083471686e-02 1790524104.767
850 3.9513614029e-02 1790524104.778
851 3.9771214128e-02 1790524104.789
852 4.0136694908e-02 1790524104.800
853 3.9690159261e-02 1790524104.812
854 3.9797224104e-02 1790524104.823
855 3.9854817092e-02 1790524104.834
856 3.9236053824e-02 1790524104.845
857 3.9389654994e-02 1790524104.859
858 3.9407610893e-02 1790524104.870
859 4.0108330548e-02 1790524104.881
860 3.9891168475e-02 1790524104.893
861 3.9449054748e-02 1790524104.904
862 4.0165267885e-02 1790524104.915
863 3.9780959487e-02 1790524104.927
864 3.9357855916e-02 1790524104.938
865 3.9936665446e-02 1790524104.949
866 3.9180200547e-02 1790524104.961
867 3.9138544351e-02 1790524104.972
868 3.9173990488e-02 1790524104.983
869 3.9152093232e-02 1790524104.994
870 3.8832448423e-02 1790524105.006
871 3.8955312222e-02 1790524105.018
872 3.9045616984e-02 1790524105.029
873 3.8060277700e-02 1790524105.040
874 3.8821391761e-02 1790524105.052
875 3.8921315223e-02 1790524105.063
876 3.8773790002e-02 1790524105.074
877 3.8492299616e-02 1790524105.086
878 3.8877204061e-02 1790524105.098
879 3.8599587977e-02 1790524105.108
880 3.8634635508e-02 1790524105.120
881 3.8273971528e-02 1790524105.131
882 3.8615878671e-02 1790524105.142
883 3.8476429880e-02 1790524105.154
884 3.8869157434e-02 1790524105.165
885 3.8527853787e-02 1790524105.177
886 3.8720868528e-02 1790524105.188
887 3.8242597133e-02 1790524105.200
888 3.8714416325e-02 1790524105.211
889 3.8057148457e-02 1790524105.222
890 3.8145855069e-02 1790524105.233
891 3.8070634007e-02 1790524105.245
892 3.8415558636e-02 1790524105.256
893 3.8161903620e-02 1790524105.267
894 3.8215354085e-02 1790524105.279
895 3.7918254733e-02 1790524105.290
896 3.7914924324e-02 1790524105.302
897 3.8332734257e-02 1790524105.313
898 3.7627115846e-02 1790524105.324
899 3.7611752748e-02 1790524105.336
900 3.7873290479e-02 1790524105.347
901 3.8217343390e-02 1790524105.360
902 3.7910029292e-02 1790524105.371
903 3.8329172879e-02 1790524105.382
904 3.7545934319e-02 1790524105.394
905 3.8060311228e-02 1790524105.405
906 3.7187669426e-02 1790524105.416
907 3.7891816348e-02 1790524105.427
908 3.7554897368e-02 1790524105.438
909 3.7304919213e-02 1790524105.449
910 3.7478245795e-02 1790524105.461
911 3.7317253649e-02 1790524105.472
912 3.7611830980e-02 1790524105.483
913 3.7561669946e-02 1790524105.494
914 3.7049882114e-02 1790524105.505
915 3.7293799222e-02 1790524105.516
916 3.7278294563e-02 1790524105.527
917 3.7418536842e-02 1790524105.538
918 3.7230275571e-02 1790524105.549
919 3.7501674145e-02 1790524105.560
920 3.6856807768e-02 1790524105.571
921 3.7469662726e-02 1790524105.584
922 3.7089556456e-02 1790524105.602
923 3.7103772163e-02 1790524105.615
924 3.6984793842e-02 1790524105.629
925 3.6876469851e-02 1790524105.642
926 3.7513114512e-02 1790524105.655
927 3.6846481264e-02 1790524105.669
928 3.7048544735e-02 1790524105.682
929 3.6855164915e-02 1790524105.695
930 3.6611773074e-02 1790524105.709
931 3.6787047982e-02 1790524105.722
932 3.6621309817e-02 1790524105.733
933 3.7215843797e-02 1790524105.744
934 3.6573436111e-02 1790524105.755
935 3.7229418755e-02 1790524105.766
936 3.6501638591e-02 1790524105.777
937 3.7382096052e-02 1790524105.788
938 3.6284945905e-02 1790524105.800
939 3.6602884531e-02 1790524105.811
940 3.6528505385e-02 1790524105.822
941 3.6391630769e-02 1790524105.833
942 3.5833530128e-02 1790524105.844
943 3.5929828882e-02 1790524105.855
944 3.6544427276e-02 1790524105.866
945 3.5935781896e-02 1790524105.877
946 3.6462120712e-02 1790524105.888
947 3.6332108080e-02 1790524105.899
948 3.6361295730e-02 1790524105.910
949 3.6375723779e-02 1790524105.921
950 3.6490723491e-02 1790524105.932
951 3.6403119564e-02 1790524105.943
952 3.5946346819e-02 1790524105.954
953 3.6403100938e-02 1790524105.965
954 3.6295942962e-02 1790524105.977
955 3.6369740963e-02 1790524105.988
956 3.5911031067e-02 1790524105.999
957 3.6401424557e-02 1790524106.010
958 3.5933531821e-02 1790524106.021
959 3.6346130073e-02 1790524106.032
960 3.5455070436e-02 1790524106.043
961 3.5877235234e-02 1790524106.054
962 3.6155134439e-02 1790524106.065
963 3.5462945700e-02 1790524106.076
964 3.6546096206e-02 1790524106.087
965 3.5985127091e-02 1790524106.098
966 3.5871006548e-02 1790524106.109
967 3.5468347371e-02 1790524106.120
968 3.5979159176e-02 1790524106.131
969 3.5441372544e-02 1790524106.142
970 3.5188548267e-02 1790524106.154
971 3.5608775914e-02 1790524106.165
972 3.5606987774e-02 1790524106.176
973 3.5318277776e-02 1790524106.187
974 3.5531233996e-02 1790524106.198
975 3.5522699356e-02 1790524106.209
976 3.5710085183e-02 1790524106.220
977 3.5312265158e-02 1790524106.231
978 3.5652328283e-02 1790524106.242
979 3.5560231656e-02 1790524106.253
980 3.6032445729e-02 1790524106.264
981 3.5509638488e-02 1790524106.275
982 3.6452613771e-02 1790524106.286
983 3.5397037864e-02 1790524106.297
984 3.6341357976e-02 1790524106.309
985 3.5393461585e-02 1790524106.320
986 3.5973351449e-02 1790524106.331
987 3.5667262971e-02 1790524106.342
988 3.6048956215e-02 1790524106.353
989 3.5786621273e-02 1790524106.364
990 3.5347327590e-02 1790524106.375
991 3.6036103964e-02 1790524106.386
992 3.5275027156e-02 1790524106.397
993 3.6321006715e-02 1790524106.408
994 3.5646121949e-02 1790524106.419
995 3.6381937563e-02 1790524106.430
996 3.5435803235e-02 1790524106.441
997 3.5348556936e-02 1790524106.452
998 3.5133104771e-02 1790524106.466
999 3.5224765539e-02 1790524106.477
1000 3.5757701844e-02 1790524106.488
1001 3.5329230130e-02 1790524106.501
1002 3.4561142325e-02 1790524106.512
1003 3.5023763776e-02 1790524106.525
1004 3.4526862204e-02 1790524106.538
1005 3.5173252225e-02 1790524106.549
1006 3.4938286990e-02 1790524106.560
1007 3.4453742206e-02 1790524106.573
1008 3.4943554550e-02 1790524106.584
1009 3.5093903542e-02 1790524106.595
1010 3.5207834095e-02 1790524106.608
1011 3.4386463463e-02 1790524106.619
1012 3.4592904150e-02 1790524106.630
1013 3.4042309970e-02 1790524106.643
1014 3.4064009786e-02 1790524106.654
1015 3.4049056470e-02 1790524106.665
1016 3.3955022693e-02 1790524106.678
1017 3.3876463771e-02 1790524106.689
1018 3.4456558526e-02 1790524106.702
1019 3.3640131354e-02 1790524106.713
1020 3.3914238214e-02 1790524106.727
1021 3.4377679229e-02 1790524106.740
1022 3.4252591431e-02 1790524106.753
1023 3.3922944218e-02 1790524106.764
1024 3.4624621272e-02 1790524106.777
1025 3.3987082541e-02 1790524106.788
1026 3.4443829209e-02 1790524106.801
1027 3.4336641431e-02 1790524106.812
1028 3.4360826015e-02 1790524106.825
1029 3.4017525613e-02 1790524106.838
1030 3.4595165402e-02 1790524106.851
1031 3.3771861345e-02 1790524106.863
1032 3.4016154706e-02 1790524106.875
1033 3.3835809678e-02 1790524106.889
1034 3.4913409501e-02 1790524106.900
1035 3.3703729510e-02 1790524106.911
1036 3.4406825900e-02 1790524106.922
1037 3.3596396446e-02 1790524106.934
1038 3.3506348729e-02 1790524106.945
1039 3.3817484975e-02 1790524106.961
1040 3.3703096211e-02 1790524106.976
1041 3.3834341913e-02 1790524106.991
1042 3.3807203174e-02 1790524107.007
1043 3.3986855298e-02 1790524107.019
1044 3.3810719848e-02 1790524107.030
1045 3.4018747509e-02 1790524107.042
1046 3.3314693719e-02 1790524107.054
1047 3.4071985632e-02 1790524107.066
1048 3.3614262938e-02 1790524107.077
1049 3.3923491836e-02 1790524107.088
1050 3.3766269684e-02 1790524107.099
1051 3.3562868834e-02 1790524107.110
1052 3.3754084259e-02 1790524107.123
1053 3.3180769533e-02 1790524107.134
1054 3.3505745232e-02 1790524107.145
1055 3.3816002309e-02 1790524107.157
1056 3.3997967839e-02 1790524107.168
1057 3.3398047090e-02 1790524107.179
1058 3.3019877970e-02 1790524107.191
1059 3.3623069525e-02 1790524107.202
1060 3.3459812403e-02 1790524107.213
1061 3.3070802689e-02 1790524107.225
1062 3.3679701388e-02 1790524107.236
1063 3.3121738583e-02 1790524107.247
1064 3.3276461065e-02 1790524107.259
1065 3.2987937331e-02 1790524107.270
1066 3.3215671778e-02 1790524107.282
1067 3.3148854971e-02 1790524107.293
1068 3.3116601408e-02 1790524107.304
1069 3.3383261412e-02 1790524107.315
1070 3.3507242799e-02 1790524107.326
1071 3.3048413694e-02 1790524107.337
1072 3.3162474632e-02 1790524107.349
1073 3.3178322017e-02 1790524107.360
1074 3.2972630113e-02 1790524107.371
1075 3.2648842782e-02 1790524107.383
1076 3.2690681517e-02 1790524107.394
1077 3.2498784363e-02 1790524107.405
1078 3.2501228154e-02 1790524107.416
1079 3.2555572689e-02 1790524107.427
1080 3.2940790057e-02 1790524107.439
1081 3.3289194107e-02 1790524107.450
1082 3.2733753324e-02 1790524107.461
1083 3.2658614218e-02 1790524107.473
1084 3.2655034214e-02 1790524107.484
1085 3.2399713993e-02 1790524107.495
1086 3.3192675561e-02 1790524107.507
1087 3.2556153834e-02 1790524107.518
1088 3.3098183572e-02 1790524107.529
1089 3.2475408167e-02 1790524107.540
1090 3.2236810774e-02 1790524107.551
1091 3.2892465591e-02 1790524107.563
1092 3.2274104655e-02 1790524107.574
1093 3.2613012940e-02 1790524107.585
1094 3.2428998500e-02 1790524107.598
1095 3.2597813755e-02 1790524107.609
1096 3.2313521951e-02 1790524107.620
1097 3.2473552972e-02 1790524107.632
1098 3.2601386309e-02 1790524107.646
1099 3.2141137868e-02 1790524107.657
1100 3.2913584262e-02 1790524107.670
1101 3.2173350453e-02 1790524107.683
1102 3.2745968550e-02 1790524107.694
1103 3.2051291317e-02 1790524107.705
1104 3.2251074910e-02 1790524107.716
1105 3.2287575305e-02 1790524107.729
1106 3.2237309963e-02 1790524107.740
1107 3.1931400299e-02 1790524107.751
1108 3.2130725682e-02 1790524107.764
1109 3.2889381051e-02 1790524107.775
1110 3.2439857721e-02 1790524107.786
1111 3.2386559993e-02 1790524107.798
1112 3.2007642090e-02 1790524107.809
1113 3.1910657883e-02 1790524107.820
1114 3.2121844590e-02 1790524107.831
1115 3.2019715756e-02 1790524107.842
1116 3.2198809087e-02 1790524107.854
1117 3.1852409244e-02 1790524107.865
1118 3.1781814992e-02 1790524107.876
1119 3.1798802316e-02 1790524107.887
1120 3.2170563936e-02 1790524107.898
1121 3.1610310078e-02 1790524107.909
1122 3.1818173826e-02 1790524107.921
1123 3.1918551773e-02 1790524107.932
1124 3.2463934273e-02 1790524107.943
1125 3.2479107380e-02 1790524107.955
1126 3.1514868140e-02 1790524107.966
1127 3.1488437206e-02 1790524107.977
1128 3.2082989812e-02 1790524107.989
1129 3.2076165080e-02 1790524108.000
1130 3.2015167177e-02 1790524108.011
1131 3.2294236124e-02 1790524108.022
1132 3.1922224909e-02 1790524108.034
1133 3.2017163932e-02 1790524108.044
1134 3.2190434635e-02 1790524108.056
1135 3.1718872488e-02 1790524108.067
1136 3.1979534775e-02 1790524108.078
1137 3.1443282962e-02 1790524108.090
1138 3.1202808022e-02 1790524108.100
1139 3.1234547496e-02 1790524108.112
1140 3.1654503196e-02 1790524108.123
1141 3.1373586506e-02 1790524108.134
1142 3.1452458352e-02 1790524108.145
1143 3.1706333160e-02 1790524108.156
1144 3.0880033970e-02 1790524108.167
1145 3.1712953001e-02 1790524108.178
1146 3.1078752130e-02 1790524108.189
1147 3.1977750361e-02 1790524108.200
1148 3.1263820827e-02 1790524108.211
1149 3.1724695116e-02 1790524108.222
1150 3.1834248453e-02 1790524108.233
1151 3.1771685928e-02 1790524108.245
1152 3.1904887408e-02 1790524108.256
1153 3.1614884734e-02 1790524108.267
1154 3.2116174698e-02 1790524108.278
1155 3.1516961753e-02 1790524108.289
1156 3.1376209110e-02 1790524108.300
1157 3.1734623015e-02 1790524108.311
1158 3.1205726787e-02 1790524108.322
1159 3.1733676791e-02 1790524108.333
1160 3.1243372709e-02 1790524108.344
1161 3.1699433923e-02 1790524108.355
1162 3.1869255006e-02 1790524108.366
1163 3.1720586121e-02 1790524108.377
1164 3.2019995153e-02 1790524108.388
1165 3.1956687570e-02 1790524108.399
1166 3.2047629356e-02 1790524108.410
1167 3.1567022204e-02 1790524108.422
1168 3.2362982631e-02 1790524108.433
1169 3.1445182860e-02 1790524108.444
1170 3.1515099108e-02 1790524108.455
1171 3.1270179898e-02 1790524108.466
1172 3.1778935343e-02 1790524108.477
1173 3.0788086355e-02 1790524108.488
1174 3.1273499131e-02 1790524108.499
1175 3.1783655286e-02 1790524108.510
1176 3.0975038186e-02 1790524108.521
1177 3.1976167113e-02 1790524108.532
1178 3.1240705401e-02 1790524108.543
1179 3.1362384558e-02 1790524108.554
1180 3.1343586743e-02 1790524108.565
1181 3.1493343413e-02 1790524108.577
1182 3.0977621675e-02 1790524108.588
1183 3.1720887870e-02 1790524108.599
1184 3.1663078815e-02 1790524108.610
1185 3.1143635511e-02 1790524108.621
1186 3.1993962824e-02 1790524108.632
1187 3.0773408711e-02 1790524108.643
1188 3.1171277165e-02 1790524108.654
1189 3.1021604314e-02 1790524108.665
1190 3.1063372269e-02 1790524108.676
1191 3.0555343255e-02 1790524108.687
1192 3.0957940966e-02 1790524108.698
1193 3.0941350386e-02 1790524108.709
1194 3.0296294019e-02 1790524108.720
1195 3.0520420521e-02 1790524108.731
1196 3.0633080751e-02 1790524108.743
1197 3.0323345214e-02 1790524108.754
1198 3.0431546271e-02 1790524108.765
1199 3.0386602506e-02 1790524108.776
1200 3.0618991703e-02 1790524108.787
1201 3.0287288129e-02 1790524108.798
1202 2.9951442033e-02 1790524108.809
1203 2.9914438725e-02 1790524108.820
1204 3.0365547165e-02 1790524108.831
1205 3.0345495790e-02 1790524108.842
1206 3.0086707324e-02 1790524108.853
1207 3.0487334356e-02 1790524108.864
1208 3.0389623716e-02 1790524108.875
1209 3.0211322010e-02 1790524108.886
1210 3.0278479680e-02 1790524108.897
1211 3.0013646930e-02 1790524108.908
1212 3.0449818820e-02 1790524108.919
1213 2.9731124640e-02 1790524108.931
1214 3.0169816688e-02 1790524108.942
1215 3.0171822757e-02 1790524108.953
1216 3.0115213245e-02 1790524108.964
1217 3.0627761036e-02 1790524108.975
1218 2.9886856675e-02 1790524108.986
1219 3.0316153541e-02 1790524108.997
1220 3.0146442354e-02 1790524109.008
1221 3.0237246305e-02 1790524109.019
1222 3.0237156898e-02 1790524109.030
1223 3.0276454985e-02 1790524109.041
1224 2.9808409512e-02 1790524109.052
1225 3.0012246221e-02 1790524109.063
1226 3.0294502154e-02 1790524109.077
1227 2.9986366630e-02 1790524109.088
1228 3.0555509031e-02 1790524109.101
1229 2.9921913520e-02 1790524109.115
1230 3.0002275482e-02 1790524109.128
1231 2.9897833243e-02 1790524109.139
1232 2.9054922983e-02 1790524109.152
1233 3.0528666452e-02 1790524109.166
1234 3.0594445765e-02 1790524109.177
1235 2.9983583838e-02 1790524109.188
1236 3.0277632177e-02 1790524109.199
1237 2.9502753168e-02 1790524109.210
1238 3.0101735145e-02 1790524109.224
1239 2.9539143667e-02 1790524109.237
1240 3.0123054981e-02 1790524109.250
1241 2.9171558097e-02 1790524109.261
1242 3.0217077583e-02 1790524109.274
1243 2.9372263700e-02 1790524109.285
1244 3.0110612512e-02 1790524109.296
1245 2.9581455514e-02 1790524109.309
1246 2.9972054064e-02 1790524109.320
1247 2.9571587220e-02 1790524109.333
1248 2.9920671135e-02 1790524109.344
1249 2.9954044148e-02 1790524109.355
1250 2.9211567715e-02 1790524109.367
1251 3.0018102378e-02 1790524109.378
1252 2.9798381031e-02 1790524109.389
1253 2.9973797500e-02 1790524109.402
1254 2.9301939532e-02 1790524109.413
1255 2.9534557834e-02 1790524109.424
1256 2.9485374689e-02 1790524109.436
1257 2.9740035534e-02 1790524109.447
1258 2.9051445425e-02 1790524109.458
1259 2.9257521033e-02 1790524109.471
1260 2.9207963496e-02 1790524109.482
1261 2.9435180128e-02 1790524109.495
1262 2.9750321060e-02 1790524109.506
1263 2.8706561774e-02 1790524109.517
1264 2.9401917011e-02 1790524109.530
1265 2.9154580086e-02 1790524109.541
1266 2.9526852071e-02 1790524109.552
1267 2.8703045100e-02 1790524109.564
1268 2.9528155923e-02 1790524109.575
1269 2.9322635382e-02 1790524109.586
1270 2.9164755717e-02 1790524109.597
1271 2.9789894819e-02 1790524109.608
1272 2.9032925144e-02 1790524109.619
1273 2.9354639351e-02 1790524109.631
1274 2.8988726437e-02 1790524109.647
1275 2.9442552477e-02 1790524109.662
1276 2.9916079715e-02 1790524109.677
1277 2.8656434268e-02 1790524109.692
1278 2.8934292495e-02 1790524109.704
1279 2.9324458912e-02 1790524109.715
1280 2.8737515211e-02 1790524109.726
1281 2.9257137328e-02 1790524109.739
1282 2.9108542949e-02 1790524109.750
1283 2.9943140224e-02 1790524109.761
1284 2.8962407261e-02 1790524109.773
1285 2.9202578589e-02 1790524109.784
1286 2.9947455972e-02 1790524109.795
1287 2.9084235430e-02 1790524109.807
1288 2.8978610411e-02 1790524109.818
1289 2.9155839235e-02 1790524109.829
1290 2.8560202569e-02 1790524109.841
1291 2.8978683054e-02 1790524109.852
1292 2.9298186302e-02 1790524109.863
1293 2.8500977904e-02 1790524109.875
1294 2.8496291488e-02 1790524109.886
1295 2.9067657888e-02 1790524109.897
1296 2.8637923300e-02 1790524109.908
1297 2.9499754310e-02 1790524109.922
1298 2.9059311375e-02 1790524109.935
1299 2.8224721551e-02 1790524109.948
1300 2.8992714360e-02 1790524109.959
1301 2.9277201742e-02 1790524109.972
1302 2.8891395777e-02 1790524109.983
1303 2.9719442129e-02 1790524109.996
1304 2.8881411999e-02 1790524110.007
1305 2.9452661052e-02 1790524110.018
1306 2.8756069019e-02 1790524110.031
1307 2.9721874744e-02 1790524110.042
1308 2.9091421515e-02 1790524110.053
1309 2.8870176524e-02 1790524110.065
1310 2.9958508909e-02 1790524110.076
1311 2.8462879360e-02 1790524110.087
1312 2.9428649694e-02 1790524110.099
1313 2.8970533982e-02 1790524110.110
1314 2.8773380443e-02 1790524110.121
1315 2.8435815126e-02 1790524110.133
1316 2.8813622892e-02 1790524110.144
1317 2.8223451227e-02 1790524110.155
1318 2.8162121773e-02 1790524110.167
1319 2.8318535537e-02 1790524110.178
1320 2.8215516359e-02 1790524110.190
1321 2.8456347063e-02 1790524110.201
1322 2.8435215354e-02 1790524110.211
1323 2.8007220477e-02 1790524110.223
1324 2.8421029449e-02 1790524110.234
1325 2.8294369578e-02 1790524110.245
1326 2.9373792931e-02 1790524110.257
1327 2.8213867918e-02 1790524110.268
1328 2.8810635209e-02 1790524110.278
1329 2.8760131449e-02 1790524110.291
1330 2.8267785907e-02 1790524110.302
1331 2.8772471473e-02 1790524110.313
1332 2.8395440429e-02 1790524110.324
1333 2.8030272573e-02 1790524110.335
1334 2.8700232506e-02 1790524110.348
1335 2.8408007696e-02 1790524110.359
1336 2.8281804174e-02 1790524110.370
1337 2.8592273593e-02 1790524110.382
1338 2.8164278716e-02 1790524110.393
1339 2.8597142547e-02 1790524110.404
1340 2.8191253543e-02 1790524110.416
1341 2.8795003891e-02 1790524110.427
1342 2.8279535472e-02 1790524110.438
1343 2.8416087851e-02 1790524110.450
1344 2.9475599527e-02 1790524110.461
1345 2.8750343248e-02 1790524110.473
1346 3.0039852485e-02 1790524110.484
1347 2.8960246593e-02 1790524110.495
1348 2.8807554394e-02 1790524110.507
1349 2.9267033562e-02 1790524110.518
1350 2.8863314539e-02 1790524110.529
1351 2.8426775709e-02 1790524110.541
1352 2.9040291905e-02 1790524110.552
1353 2.8787761927e-02 1790524110.564
1354 2.8520710766e-02 1790524110.575
1355 2.8646532446e-02 1790524110.586
1356 2.8346540406e-02 1790524110.598
1357 2.8150826693e-02 1790524110.609
1358 2.8496734798e-02 1790524110.620
1359 2.8714107350e-02 1790524110.631
1360 2.8518155217e-02 1790524110.643
1361 2.8856357560e-02 1790524110.653
1362 2.8779432178e-02 1790524110.665
1363 2.8347602114e-02 1790524110.677
1364 2.8493512422e-02 1790524110.687
1365 2.9127832502e-02 1790524110.699
1366 2.8420740739e-02 1790524110.710
1367 2.8237991035e-02 1790524110.722
1368 2.8764680028e-02 1790524110.733
1369 2.8039472178e-02 1790524110.744
1370 2.8215011582e-02 1790524110.755
1371 2.8311971575e-02 1790524110.766
1372 2.7458149940e-02 1790524110.779
1373 2.8316289186e-02 1790524110.791
1374 2.7901709080e-02 1790524110.802
1375 2.8263149783e-02 1790524110.813
1376 2.8380911797e-02 1790524110.824
1377 2.8558056802e-02 1790524110.835
1378 2.8422744945e-02 1790524110.846
1379 2.7981542051e-02 1790524110.857
1380 2.8246153146e-02 1790524110.868
1381 2.8671097010e-02 1790524110.879
1382 2.8099182993e-02 1790524110.891
1383 2.8619216755e-02 1790524110.902
1384 2.8757780790e-02 1790524110.913
1385 2.8431728482e-02 1790524110.924
1386 2.8507895768e-02 1790524110.935
1387 2.8752434999e-02 1790524110.946
1388 2.9458671808e-02 1790524110.957
1389 2.8299339116e-02 1790524110.968
1390 2.8907122090e-02 1790524110.979
1391 2.8422648087e-02 1790524110.990
1392 2.9217686504e-02 1790524111.001
1393 2.8584051877e-02 1790524111.012
1394 2.9103798792e-02 1790524111.023
1395 2.8988761827e-02 1790524111.034
1396 2.9147425666e-02 1790524111.045
1397 2.8850521892e-02 1790524111.057
1398 2.8454247862e-02 1790524111.068
1399 2.8125699610e-02 1790524111.079
1400 2.8437869623e-02 1790524111.090
1401 2.9302589595e-02 1790524111.101
1402 2.7955425903e-02 1790524111.112
1403 2.8956662863e-02 1790524111.123
1404 2.8474735096e-02 1790524111.134
1405 2.8328802437e-02 1790524111.145
1406 2.8829850256e-02 1790524111.156
1407 2.8080800548e-02 1790524111.167
1408 2.8687367216e-02 1790524111.178
1409 2.7659121901e-02 1790524111.189
1410 2.8955906630e-02 1790524111.200
1411 2.9093906283e-02 1790524111.211
1412 2.8391335160e-02 1790524111.225
1413 2.8326231986e-02 1790524111.236
1414 2.8209445998e-02 1790524111.247
1415 2.8688389808e-02 1790524111.258
1416 2.7903508395e-02 1790524111.269
1417 2.9624287039e-02 1790524111.280
1418 2.7740664780e-02 1790524111.291
1419 2.8595831245e-02 1790524111.302
1420 2.8674233705e-02 1790524111.313
1421 2.8221756220e-02 1790524111.324
1422 2.9048655182e-02 1790524111.336
1423 2.8071885929e-02 1790524111.347
1424 2.8238624334e-02 1790524111.358
1425 2.8215788305e-02 1790524111.369
1426 2.8997061774e-02 1790524111.380
1427 2.8238903731e-02 1790524111.391
1428 2.7830298990e-02 1790524111.402
1429 2.8068298474e-02 1790524111.413
1430 2.8522748500e-02 1790524111.424
1431 2.8672711924e-02 1790524111.435
1432 2.8436772525e-02 1790524111.446
1433 2.7928292751e-02 1790524111.457
1434 2.9360605404e-02 1790524111.468
1435 2.8464011848e-02 1790524111.479
1436 2.8304722160e-02 1790524111.490
1437 2.8934704140e-02 1790524111.502
1438 2.8236309066e-02 1790524111.513
1439 2.7942389250e-02 1790524111.524
1440 2.7773560956e-02 1790524111.535
1441 2.7806913480e-02 1790524111.546
1442 2.8390474617e-02 1790524111.557
1443 2.7839537710e-02 1790524111.568
1444 2.8541784734e-02 1790524111.579
1445 2.7255147696e-02 1790524111.590
1446 2.8280943632e-02 1790524111.601
1447 2.8097365052e-02 1790524111.612
1448 2.7876898646e-02 1790524111.623
1449 2.7921402827e-02 1790524111.634
1450 2.7527656406e-02 1790524111.645
1451 2.8014160693e-02 1790524111.656
1452 2.7714895085e-02 1790524111.668
1453 2.7656469494e-02 1790524111.681
1454 2.7857983485e-02 1790524111.692
1455 2.7885336429e-02 1790524111.703
1456 2.7489276603e-02 1790524111.714
1457 2.7551874518e-02 1790524111.725
1458 2.7327865362e-02 1790524111.736
1459 2.8090234846e-02 1790524111.747
1460 2.7012687176e-02 1790524111.758
1461 2.7316298336e-02 1790524111.769
1462 2.8034646064e-02 1790524111.780
1463 2.7180178091e-02 1790524111.792
1464 2.7553567663e-02 1790524111.803
1465 2.7552587911e-02 1790524111.814
1466 2.7755212039e-02 1790524111.825
1467 2.8254210949e-02 1790524111.836
1468 2.7502601966e-02 1790524111.847
1469 2.9077865183e-02 1790524111.858
1470 2.7388721704e-02 1790524111.869
1471 2.8043976054e-02 1790524111.880
1472 2.8477421030e-02 1790524111.893
1473 2.7011238039e-02 1790524111.904
1474 2.8967719525e-02 1790524111.915
1475 2.7200743556e-02 1790524111.927
1476 2.9074061662e-02 1790524111.938
1477 2.8743721545e-02 1790524111.949
1478 2.7549959719e-02 1790524111.962
1479 2.8229964897e-02 1790524111.973
1480 2.7894493192e-02 1790524111.986
1481 2.8085896745e-02 1790524111.997
1482 2.7488481253e-02 1790524112.008
1483 2.7942199260e-02 1790524112.019
1484 2.7865722775e-02 1790524112.030
1485 2.7956001461e-02 1790524112.041
1486 2.7791526169e-02 1790524112.054
1487 2.7569832280e-02 1790524112.065
1488 2.7183184400e-02 1790524112.076
1489 2.7381321415e-02 1790524112.089
1490 2.7407072484e-02 1790524112.100
1491 2.7062216774e-02 1790524112.111
1492 2.7542710304e-02 1790524112.123
1493 2.6768559590e-02 1790524112.134
1494 2.8027495369e-02 1790524112.145
1495 2.7197027579e-02 1790524112.158
1496 2.7226030827e-02 1790524112.169
1497 2.7250008658e-02 1790524112.182
1498 2.6699770242e-02 1790524112.193
1499 2.6920311153e-02 1790524112.204
CHECKSUM -3.133426900074e+03
